Component: ARM Compiler 5.06 update 6 (build 750) Tool: armlink [4d35ed]

==============================================================================

Section Cross References

    stm32f10x_gpio.o(.text) refers to stm32f10x_rcc.o(.text) for RCC_APB2PeriphResetCmd
    stm32f10x_i2c.o(.text) refers to stm32f10x_rcc.o(.text) for RCC_APB1PeriphResetCmd
    stm32f10x_rcc.o(.text) refers to stm32f10x_rcc.o(.data) for APBAHBPrescTable
    stm32f10x_tim.o(.text) refers to stm32f10x_rcc.o(.text) for RCC_APB2PeriphResetCmd
    stm32f10x_usart.o(.text) refers to stm32f10x_rcc.o(.text) for RCC_APB2PeriphResetCmd
    stm32f10x_adc.o(.text) refers to stm32f10x_rcc.o(.text) for RCC_APB2PeriphResetCmd
    stm32f10x_bkp.o(.text) refers to stm32f10x_rcc.o(.text) for RCC_BackupResetCmd
    stm32f10x_can.o(.text) refers to stm32f10x_rcc.o(.text) for RCC_APB1PeriphResetCmd
    stm32f10x_cec.o(.text) refers to stm32f10x_rcc.o(.text) for RCC_APB1PeriphResetCmd
    stm32f10x_dac.o(.text) refers to stm32f10x_rcc.o(.text) for RCC_APB1PeriphResetCmd
    stm32f10x_pwr.o(.text) refers to stm32f10x_rcc.o(.text) for RCC_APB1PeriphResetCmd
    stm32f10x_spi.o(.text) refers to stm32f10x_rcc.o(.text) for RCC_APB2PeriphResetCmd
    stm32f10x_wwdg.o(.text) refers to stm32f10x_rcc.o(.text) for RCC_APB1PeriphResetCmd
    system_stm32f10x.o(.text) refers to system_stm32f10x.o(.data) for SystemCoreClock
    i2c.o(.text) refers to stm32f10x_rcc.o(.text) for RCC_APB2PeriphClockCmd
    i2c.o(.text) refers to stm32f10x_gpio.o(.text) for GPIO_Init
    i2c_mpu6050.o(.text) refers to stm32f10x_rcc.o(.text) for RCC_APB2PeriphClockCmd
    i2c_mpu6050.o(.text) refers to stm32f10x_gpio.o(.text) for GPIO_PinRemapConfig
    i2c_mpu6050.o(.text) refers to stm32f10x_i2c.o(.text) for I2C_Init
    i2c_mpu6050.o(.text) refers to delay.o(.text) for delay_ms
    main.o(.text) refers to system_stm32f10x.o(.text) for SystemInit
    main.o(.text) refers to timer.o(.text) for Timerx_Init
    main.o(.text) refers to ultrasonic.o(.text) for UltraSonic_Init
    main.o(.text) refers to serial.o(.text) for Serial_Init
    main.o(.text) refers to motor.o(.text) for TIM2_PWM_Init
    main.o(.text) refers to mpu6050.o(.text) for MPU6050_Init
    main.o(.text) refers to systick.o(.text) for SysTick_Init
    main.o(.text) refers to balancecar.o(.text) for BalancingCarParameterInit
    main.o(.text) refers to balancecar.o(.bss) for MyUsart3
    motor.o(.text) refers to stm32f10x_rcc.o(.text) for RCC_APB2PeriphClockCmd
    motor.o(.text) refers to stm32f10x_gpio.o(.text) for GPIO_Init
    motor.o(.text) refers to stm32f10x_tim.o(.text) for TIM_TimeBaseInit
    motor.o(.text) refers to misc.o(.text) for NVIC_PriorityGroupConfig
    mpu6050.o(.text) refers to i2c.o(.text) for i2cInit
    mpu6050.o(.text) refers to inv_mpu.o(.text) for mpu_init
    mpu6050.o(.text) refers to serial.o(.text) for Serial_Printf
    mpu6050.o(.text) refers to inv_mpu_dmp_motion_driver.o(.text) for dmp_load_motion_driver_firmware
    mpu6050.o(.text) refers to stm32f10x_gpio.o(.text) for GPIO_ResetBits
    mpu6050.o(.text) refers to fflti.o(.text) for __aeabi_i2f
    mpu6050.o(.text) refers to fdiv.o(.text) for __aeabi_fdiv
    mpu6050.o(.text) refers to fmul.o(.text) for __aeabi_fmul
    mpu6050.o(.text) refers to fadd.o(.text) for __aeabi_fadd
    mpu6050.o(.text) refers to f2d.o(.text) for __aeabi_f2d
    mpu6050.o(.text) refers to asin.o(i.asin) for asin
    mpu6050.o(.text) refers to dmul.o(.text) for __aeabi_dmul
    mpu6050.o(.text) refers to d2f.o(.text) for __aeabi_d2f
    mpu6050.o(.text) refers to mpu6050.o(.data) for gyro_orientation
    mpu6050.o(.text) refers to mpu6050.o(.bss) for quat
    mpu6050.o(.text) refers to atan2.o(i.atan2) for atan2
    stm32f10x_it.o(.text) refers to balancecar.o(.text) for GetMotorPulse
    stm32f10x_it.o(.text) refers to ultrasonic.o(.text) for UltrasonicWave_StartMeasure
    stm32f10x_it.o(.text) refers to balancecar.o(.data) for CLB_u8MainEventCount
    systick.o(.text) refers to system_stm32f10x.o(.data) for SystemCoreClock
    systick.o(.text) refers to systick.o(.data) for TimingDelay
    timer.o(.text) refers to stm32f10x_rcc.o(.text) for RCC_APB2PeriphClockCmd
    timer.o(.text) refers to stm32f10x_tim.o(.text) for TIM_TimeBaseInit
    timer.o(.text) refers to misc.o(.text) for NVIC_Init
    serial.o(.text) refers to stm32f10x_rcc.o(.text) for RCC_APB2PeriphClockCmd
    serial.o(.text) refers to stm32f10x_gpio.o(.text) for GPIO_Init
    serial.o(.text) refers to stm32f10x_usart.o(.text) for USART_Init
    serial.o(.text) refers to misc.o(.text) for NVIC_PriorityGroupConfig
    serial.o(.text) refers to printfa.o(i.__0vsprintf) for __c89vsprintf
    ultrasonic.o(.text) refers to stm32f10x_gpio.o(.text) for GPIO_PinRemapConfig
    ultrasonic.o(.text) refers to stm32f10x_rcc.o(.text) for RCC_APB2PeriphClockCmd
    ultrasonic.o(.text) refers to stm32f10x_exti.o(.text) for EXTI_Init
    ultrasonic.o(.text) refers to misc.o(.text) for NVIC_Init
[...]
    ../clib/microlib/printf/printf.c         0x00000000   Number         0  printf6.o ABSOLUTE
    ../clib/microlib/printf/printf.c         0x00000000   Number         0  printf7.o ABSOLUTE
    ../clib/microlib/printf/printf.c         0x00000000   Number         0  printf8.o ABSOLUTE
    ../clib/microlib/stdio/streams.c         0x00000000   Number         0  stdout.o ABSOLUTE
    ../clib/microlib/string/memcmp.c         0x00000000   Number         0  memcmp.o ABSOLUTE
    ../clib/microlib/string/memset.c         0x00000000   Number         0  memseta.o ABSOLUTE
    ../clib/microlib/string/strcmp.c         0x00000000   Number         0  strcmp.o ABSOLUTE
    ../clib/microlib/stubs.s                 0x00000000   Number         0  iusefp.o ABSOLUTE
    ../fplib/microlib/d2f.c                  0x00000000   Number         0  d2f.o ABSOLUTE
    ../fplib/microlib/f2d.c                  0x00000000   Number         0  f2d.o ABSOLUTE
    ../fplib/microlib/fpadd.c                0x00000000   Number         0  fadd.o ABSOLUTE
    ../fplib/microlib/fpadd.c                0x00000000   Number         0  dadd.o ABSOLUTE
    ../fplib/microlib/fpdiv.c                0x00000000   Number         0  ddiv.o ABSOLUTE
    ../fplib/microlib/fpdiv.c                0x00000000   Number         0  fdiv.o ABSOLUTE
    ../fplib/microlib/fpepilogue.c           0x00000000   Number         0  fepilogue.o ABSOLUTE
    ../fplib/microlib/fpepilogue.c           0x00000000   Number         0  depilogue.o ABSOLUTE
    ../fplib/microlib/fpfix.c                0x00000000   Number         0  ffixi.o ABSOLUTE
    ../fplib/microlib/fpfix.c                0x00000000   Number         0  ffixui.o ABSOLUTE
    ../fplib/microlib/fpfix.c                0x00000000   Number         0  dfixul.o ABSOLUTE
    ../fplib/microlib/fpflt.c                0x00000000   Number         0  fflti.o ABSOLUTE
    ../fplib/microlib/fpflt.c                0x00000000   Number         0  ffltui.o ABSOLUTE
    ../fplib/microlib/fpflt.c                0x00000000   Number         0  dflti.o ABSOLUTE
    ../fplib/microlib/fpmul.c                0x00000000   Number         0  dmul.o ABSOLUTE
    ../fplib/microlib/fpmul.c                0x00000000   Number         0  fmul.o ABSOLUTE
    ../fplib/microlib/fpscalb.c              0x00000000   Number         0  dscalb.o ABSOLUTE
    ../fplib/microlib/fpsqrt.c               0x00000000   Number         0  dsqrt.o ABSOLUTE
    ../mathlib/asin.c                        0x00000000   Number         0  asin.o ABSOLUTE
    ../mathlib/asin.c                        0x00000000   Number         0  asin_x.o ABSOLUTE
    ../mathlib/atan.c                        0x00000000   Number         0  atan.o ABSOLUTE
    ../mathlib/atan.c                        0x00000000   Number         0  atan_x.o ABSOLUTE
    ../mathlib/atan2.c                       0x00000000   Number         0  atan2_x.o ABSOLUTE
    ../mathlib/atan2.c                       0x00000000   Number         0  atan2.o ABSOLUTE
    ../mathlib/dunder.c                      0x00000000   Number         0  dunder.o ABSOLUTE
    ../mathlib/fpclassify.c                  0x00000000   Number         0  fpclassify.o ABSOLUTE
    ../mathlib/poly.c                        0x00000000   Number         0  poly.o ABSOLUTE
    ../mathlib/qnan.c                        0x00000000   Number         0  qnan.o ABSOLUTE
    ../mathlib/sqrt.c                        0x00000000   Number         0  sqrt.o ABSOLUTE
    ../mathlib/sqrt.c                        0x00000000   Number         0  sqrt_x.o ABSOLUTE
    CMSIS\\core_cm3.c                        0x00000000   Number         0  core_cm3.o ABSOLUTE
    CMSIS\core_cm3.c                         0x00000000   Number         0  core_cm3.o ABSOLUTE
    CMSIS\startup\startup_stm32f10x_md.s     0x00000000   Number         0  startup_stm32f10x_md.o ABSOLUTE
    CMSIS\system_stm32f10x.c                 0x00000000   Number         0  system_stm32f10x.o ABSOLUTE
    FWlib\src\misc.c                         0x00000000   Number         0  misc.o ABSOLUTE
    FWlib\src\stm32f10x_adc.c                0x00000000   Number         0  stm32f10x_adc.o ABSOLUTE
    FWlib\src\stm32f10x_bkp.c                0x00000000   Number         0  stm32f10x_bkp.o ABSOLUTE
    FWlib\src\stm32f10x_can.c                0x00000000   Number         0  stm32f10x_can.o ABSOLUTE
    FWlib\src\stm32f10x_cec.c                0x00000000   Number         0  stm32f10x_cec.o ABSOLUTE
    FWlib\src\stm32f10x_crc.c                0x00000000   Number         0  stm32f10x_crc.o ABSOLUTE
    FWlib\src\stm32f10x_dac.c                0x00000000   Number         0  stm32f10x_dac.o ABSOLUTE
    FWlib\src\stm32f10x_dbgmcu.c             0x00000000   Number         0  stm32f10x_dbgmcu.o ABSOLUTE
    FWlib\src\stm32f10x_dma.c                0x00000000   Number         0  stm32f10x_dma.o ABSOLUTE
    FWlib\src\stm32f10x_exti.c               0x00000000   Number         0  stm32f10x_exti.o ABSOLUTE
    FWlib\src\stm32f10x_flash.c              0x00000000   Number         0  stm32f10x_flash.o ABSOLUTE
    FWlib\src\stm32f10x_fsmc.c               0x00000000   Number         0  stm32f10x_fsmc.o ABSOLUTE
    FWlib\src\stm32f10x_gpio.c               0x00000000   Number         0  stm32f10x_gpio.o ABSOLUTE
    FWlib\src\stm32f10x_i2c.c                0x00000000   Number         0  stm32f10x_i2c.o ABSOLUTE
    FWlib\src\stm32f10x_iwdg.c               0x00000000   Number         0  stm32f10x_iwdg.o ABSOLUTE
    FWlib\src\stm32f10x_pwr.c                0x00000000   Number         0  stm32f10x_pwr.o ABSOLUTE
    FWlib\src\stm32f10x_rcc.c                0x00000000   Number         0  stm32f10x_rcc.o ABSOLUTE
    FWlib\src\stm32f10x_rtc.c                0x00000000   Number         0  stm32f10x_rtc.o ABSOLUTE
    FWlib\src\stm32f10x_sdio.c               0x00000000   Number         0  stm32f10x_sdio.o ABSOLUTE
    FWlib\src\stm32f10x_spi.c                0x00000000   Number         0  stm32f10x_spi.o ABSOLUTE
    FWlib\src\stm32f10x_tim.c                0x00000000   Number         0  stm32f10x_tim.o ABSOLUTE
    FWlib\src\stm32f10x_usart.c              0x00000000   Number         0  stm32f10x_usart.o ABSOLUTE
    FWlib\src\stm32f10x_wwdg.c               0x00000000   Number         0  stm32f10x_wwdg.o ABSOLUTE
    MPU6050\inv_mpu.c                        0x00000000   Number         0  inv_mpu.o ABSOLUTE
    MPU6050\inv_mpu_dmp_motion_driver.c      0x00000000   Number         0  inv_mpu_dmp_motion_driver.o ABSOLUTE
    User\Balancecar.c                        0x00000000   Number         0  balancecar.o ABSOLUTE
    User\I2C.c                               0x00000000   Number         0  i2c.o ABSOLUTE
    User\I2C_MPU6050.c                       0x00000000   Number         0  i2c_mpu6050.o ABSOLUTE
    User\MPU6050.c                           0x00000000   Number         0  mpu6050.o ABSOLUTE
    User\Serial.c                            0x00000000   Number         0  serial.o ABSOLUTE
    User\UltraSonic.c                        0x00000000   Number         0  ultrasonic.o ABSOLUTE
    User\delay.c                             0x00000000   Number         0  delay.o ABSOLUTE
    User\main.c                              0x00000000   Number         0  main.o ABSOLUTE
    User\motor.c                             0x00000000   Number         0  motor.o ABSOLUTE
    User\pwm.c                               0x00000000   Number         0  pwm.o ABSOLUTE
    User\stm32f10x_it.c                      0x00000000   Number         0  stm32f10x_it.o ABSOLUTE
    User\systick.c                           0x00000000   Number         0  systick.o ABSOLUTE
    User\timer.c                             0x00000000   Number         0  timer.o ABSOLUTE
    cdcmple.s                                0x00000000   Number         0  cdcmple.o ABSOLUTE
    cdrcmple.s                               0x00000000   Number         0  cdrcmple.o ABSOLUTE
    cfcmple.s                                0x00000000   Number         0  cfcmple.o ABSOLUTE
    cfrcmple.s                               0x00000000   Number         0  cfrcmple.o ABSOLUTE
    dc.s                                     0x00000000   Number         0  dc.o ABSOLUTE
    handlers.s                               0x00000000   Number         0  handlers.o ABSOLUTE
    init.s                                   0x00000000   Number         0  init.o ABSOLUTE
    RESET                                    0x08000000   Section      236  startup_stm32f10x_md.o(RESET)
    .ARM.Collect$$$$00000000                 0x080000ec   Section        0  entry.o(.ARM.Collect$$$$00000000)
    .ARM.Collect$$$$00000001                 0x080000ec   Section        4  entry2.o(.ARM.Collect$$$$00000001)
    .ARM.Collect$$$$00000004                 0x080000f0   Section        4  entry5.o(.ARM.Collect$$$$00000004)
    .ARM.Collect$$$$00000008                 0x080000f4   Section        0  entry7b.o(.ARM.Collect$$$$00000008)
    .ARM.Collect$$$$0000000A                 0x080000f4   Section        0  entry8b.o(.ARM.Collect$$$$0000000A)
    .ARM.Collect$$$$0000000B                 0x080000f4   Section        8  entry9a.o(.ARM.Collect$$$$0000000B)
    .ARM.Collect$$$$0000000D                 0x080000fc   Section        0  entry10a.o(.ARM.Collect$$$$0000000D)
    .ARM.Collect$$$$0000000F                 0x080000fc   Section        0  entry11a.o(.ARM.Collect$$$$0000000F)
    .ARM.Collect$$$$00002712                 0x080000fc   Section        4  entry2.o(.ARM.Collect$$$$00002712)
    __lit__00000000                          0x080000fc   Data           4  entry2.o(.ARM.Collect$$$$00002712)
    .text                                    0x08000100   Section        0  misc.o(.text)
    .text                                    0x080001dc   Section        0  stm32f10x_exti.o(.text)
    .text                                    0x080002f8   Section        0  stm32f10x_gpio.o(.text)
    .text                                    0x08000654   Section        0  stm32f10x_rcc.o(.text)
    .text                                    0x080009f8   Section        0  stm32f10x_tim.o(.text)
    TI4_Config                               0x08000e9f   Thumb Code   130  stm32f10x_tim.o(.text)
    TI3_Config                               0x08000f33   Thumb Code   122  stm32f10x_tim.o(.text)
    TI2_Config                               0x08000fc7   Thumb Code   130  stm32f10x_tim.o(.text)
    TI1_Config                               0x0800105b   Thumb Code   108  stm32f10x_tim.o(.text)
    .text                                    0x08001814   Section        0  stm32f10x_usart.o(.text)
    .text                                    0x08001c1c   Section        0  system_stm32f10x.o(.text)
    SetSysClockTo72                          0x08001c1d   Thumb Code   214  system_stm32f10x.o(.text)
    SetSysClock                              0x08001cf3   Thumb Code     8  system_stm32f10x.o(.text)
    .text                                    0x08001dfc   Section        0  delay.o(.text)
    .text                                    0x08001e30   Section        0  i2c.o(.text)
    MPU_I2C_delay                            0x08001e31   Thumb Code    22  i2c.o(.text)
    I2C_Start                                0x08001e47   Thumb Code    90  i2c.o(.text)
    I2C_Stop                                 0x08001ea1   Thumb Code    56  i2c.o(.text)
    I2C_Ack                                  0x08001ed9   Thumb Code    58  i2c.o(.text)
    I2C_NoAck                                0x08001f13   Thumb Code    56  i2c.o(.text)
    I2C_WaitAck                              0x08001f4b   Thumb Code    80  i2c.o(.text)
    I2C_SendByte                             0x08001f9b   Thumb Code    90  i2c.o(.text)
    I2C_ReceiveByte                          0x08001ff5   Thumb Code    84  i2c.o(.text)
    .text                                    0x080021ec   Section        0  main.o(.text)
    .text                                    0x08002258   Section        0  motor.o(.text)
    TIM2_GPIO_Config                         0x0800228b   Thumb Code    46  motor.o(.text)
    TIM2_Mode_Config                         0x080022b9   Thumb Code   134  motor.o(.text)
    .text                                    0x080026b4   Section        0  mpu6050.o(.text)
    .text                                    0x08002d18   Section        0  stm32f10x_it.o(.text)
    .text                                    0x08002dc0   Section        0  systick.o(.text)
    .text                                    0x08002e70   Section        0  timer.o(.text)
    .text                                    0x08002ee8   Section        0  serial.o(.text)
    .text                                    0x080030cc   Section        0  ultrasonic.o(.text)
    .text                                    0x080031d8   Section        0  balancecar.o(.text)
    .text                                    0x08003b30   Section       36  startup_stm32f10x_md.o(.text)
    .text                                    0x08003b54   Section        0  inv_mpu.o(.text)
    set_int_enable                           0x08003b55   Thumb Code   138  inv_mpu.o(.text)
    get_accel_prod_shift                     0x08004da5   Thumb Code   168  inv_mpu.o(.text)
    accel_self_test                          0x08004e4d   Thumb Code   164  inv_mpu.o(.text)
    gyro_self_test                           0x08004ef1   Thumb Code   280  inv_mpu.o(.text)
    get_st_biases                            0x08005009   Thumb Code  1136  inv_mpu.o(.text)
    .text                                    0x080059ec   Section        0  inv_mpu_dmp_motion_driver.o(.text)
    decode_gesture                           0x080064a1   Thumb Code    94  inv_mpu_dmp_motion_driver.o(.text)
    inv_row_2_scale                          0x08006757   Thumb Code    78  inv_mpu_dmp_motion_driver.o(.text)
    .text                                    0x080068b4   Section        0  ldiv.o(.text)
    .text                                    0x08006916   Section        0  memseta.o(.text)
    .text                                    0x0800693a   Section        0  strcmp.o(.text)
    .text                                    0x08006956   Section        0  memcmp.o(.text)
    .text                                    0x08006970   Section        0  fadd.o(.text)
    .text                                    0x08006a20   Section        0  fmul.o(.text)
    .text                                    0x08006a84   Section        0  fdiv.o(.text)
    .text                                    0x08006b00   Section        0  dadd.o(.text)
    .text                                    0x08006c4e   Section        0  dmul.o(.text)
    .text                                    0x08006d32   Section        0  ddiv.o(.text)
    .text                                    0x08006e10   Section        0  fflti.o(.text)
    .text                                    0x08006e22   Section        0  ffltui.o(.text)
    .text                                    0x08006e2c   Section        0  dflti.o(.text)
    .text                                    0x08006e4e   Section        0  ffixi.o(.text)
    .text                                    0x08006e80   Section        0  ffixui.o(.text)
    .text                                    0x08006ea8   Section        0  f2d.o(.text)
    .text                                    0x08006ed0   Section       48  cdcmple.o(.text)
    .text                                    0x08006f00   Section        0  d2f.o(.text)
    .text                                    0x08006f38   Section       20  cfcmple.o(.text)
    .text                                    0x08006f4c   Section       20  cfrcmple.o(.text)
    .text                                    0x08006f60   Section        0  uidiv.o(.text)
    .text                                    0x08006f8c   Section        0  uldiv.o(.text)
    .text                                    0x08006fee   Section        0  llshl.o(.text)
    .text                                    0x0800700c   Section        0  llsshr.o(.text)
    .text                                    0x08007030   Section        0  iusefp.o(.text)
    .text                                    0x08007030   Section        0  fepilogue.o(.text)
    .text                                    0x0800709e   Section        0  depilogue.o(.text)
    .text                                    0x08007158   Section        0  dscalb.o(.text)
    .text                                    0x08007186   Section        0  dfixul.o(.text)
    .text                                    0x080071b8   Section       48  cdrcmple.o(.text)
    .text                                    0x080071e8   Section       36  init.o(.text)
    .text                                    0x0800720c   Section        0  llushr.o(.text)
    .text                                    0x0800722c   Section        0  dsqrt.o(.text)
    .text                                    0x080072ce   Section        0  __dczerorl2.o(.text)
    i.__0printf$bare                         0x08007324   Section        0  printfb.o(i.__0printf$bare)
    i.__0vsprintf                            0x08007334   Section        0  printfa.o(i.__0vsprintf)
    i.__ARM_fpclassify                       0x08007358   Section        0  fpclassify.o(i.__ARM_fpclassify)
    i.__kernel_poly                          0x08007380   Section        0  poly.o(i.__kernel_poly)
    i.__mathlib_dbl_infnan                   0x0800742a   Section        0  dunder.o(i.__mathlib_dbl_infnan)
    i.__mathlib_dbl_infnan2                  0x08007430   Section        0  dunder.o(i.__mathlib_dbl_infnan2)
    i.__mathlib_dbl_invalid                  0x08007434   Section        0  dunder.o(i.__mathlib_dbl_invalid)
    i.__mathlib_dbl_underflow                0x08007440   Section        0  dunder.o(i.__mathlib_dbl_underflow)
    i.__scatterload_copy                     0x08007450   Section       14  handlers.o(i.__scatterload_copy)
    i.__scatterload_null                     0x0800745e   Section        2  handlers.o(i.__scatterload_null)
    i.__scatterload_zeroinit                 0x08007460   Section       14  handlers.o(i.__scatterload_zeroinit)
    i.__set_errno                            0x08007470   Section        0  errno.o(i.__set_errno)
    i._fp_digits                             0x0800747c   Section        0  printfa.o(i._fp_digits)
    _fp_digits                               0x0800747d   Thumb Code   366  printfa.o(i._fp_digits)
    i._printf_core                           0x08007600   Section        0  printfb.o(i._printf_core)
    _printf_core                             0x08007601   Thumb Code    34  printfb.o(i._printf_core)
    i._printf_core                           0x08007624   Section        0  printfa.o(i._printf_core)
    _printf_core                             0x08007625   Thumb Code  1744  printfa.o(i._printf_core)
    i._printf_post_padding                   0x08007d00   Section        0  printfa.o(i._printf_post_padding)
    _printf_post_padding                     0x08007d01   Thumb Code    36  printfa.o(i._printf_post_padding)
    i._printf_pre_padding                    0x08007d24   Section        0  printfa.o(i._printf_pre_padding)
    _printf_pre_padding                      0x08007d25   Thumb Code    46  printfa.o(i._printf_pre_padding)
    i._sputc                                 0x08007d52   Section        0  printfa.o(i._sputc)
    _sputc                                   0x08007d53   Thumb Code    10  printfa.o(i._sputc)
    i.asin                                   0x08007d5c   Section        0  asin.o(i.asin)
    i.atan                                   0x08007fcc   Section        0  atan.o(i.atan)
    i.atan2                                  0x080081ec   Section        0  atan2.o(i.atan2)
    i.sqrt                                   0x0800836c   Section        0  sqrt.o(i.sqrt)
    .constdata                               0x080083b8   Section       80  inv_mpu.o(.constdata)
    .constdata                               0x08008408   Section     3062  inv_mpu_dmp_motion_driver.o(.constdata)
    dmp_memory                               0x08008408   Data        3062  inv_mpu_dmp_motion_driver.o(.constdata)
    .constdata                               0x08009000   Section       80  asin.o(.constdata)
    pS                                       0x08009000   Data          48  asin.o(.constdata)
    qS                                       0x08009030   Data          32  asin.o(.constdata)
    .constdata                               0x08009050   Section      152  atan.o(.constdata)
    atanhi                                   0x08009050   Data          32  atan.o(.constdata)
    atanlo                                   0x08009070   Data          32  atan.o(.constdata)
    aTodd                                    0x08009090   Data          40  atan.o(.constdata)
    aTeven                                   0x080090b8   Data          48  atan.o(.constdata)
    .constdata                               0x080090e8   Section        8  qnan.o(.constdata)
    .conststring                             0x080090f0   Section       78  inv_mpu.o(.conststring)
    .data                                    0x20000000   Section       20  stm32f10x_rcc.o(.data)
    APBAHBPrescTable                         0x20000000   Data          16  stm32f10x_rcc.o(.data)
    ADCPrescTable                            0x20000010   Data           4  stm32f10x_rcc.o(.data)
    .data                                    0x20000014   Section       20  system_stm32f10x.o(.data)
    .data                                    0x20000028   Section       59  mpu6050.o(.data)
    gyro_orientation                         0x20000028   Data           9  mpu6050.o(.data)
    .data                                    0x20000064   Section        4  systick.o(.data)
    TimingDelay                              0x20000064   Data           4  systick.o(.data)
    .data                                    0x20000068   Section        4  ultrasonic.o(.data)
    .data                                    0x2000006c   Section      172  balancecar.o(.data)
    .data                                    0x20000118   Section       44  inv_mpu.o(.data)
    st                                       0x20000118   Data          44  inv_mpu.o(.data)
    .data                                    0x20000144   Section        4  stdout.o(.data)
    .data                                    0x20000148   Section        4  errno.o(.data)
    _errno                                   0x20000148   Data           4  errno.o(.data)
    .bss                                     0x2000014c   Section       16  mpu6050.o(.bss)
    .bss                                     0x2000015c   Section      102  balancecar.o(.bss)
    .bss                                     0x200001c4   Section       16  inv_mpu_dmp_motion_driver.o(.bss)
    dmp                                      0x200001c4   Data          16  inv_mpu_dmp_motion_driver.o(.bss)
    STACK                                    0x200001d8   Section     1024  startup_stm32f10x_md.o(STACK)

    Global Symbols

    Symbol Name                              Value     Ov Type        Size  Object(Section)

    BuildAttributes$$THM_ISAv4$P$D$K$B$S$PE$A:L22UL41UL21$X:L11$S22US41US21$IEEE1$IW$USESV6$~STKCKD$USESV7$~SHL$OTIME$ROPI$IEEEX$EBA8$MICROLIB$REQ8$PRES8$EABIv2 0x00000000   Number         0  anon$$obj.o ABSOLUTE
    __ARM_use_no_argv                        0x00000000   Number         0  main.o ABSOLUTE
    __cpp_initialize__aeabi_                  - Undefined Weak Reference
    __cxa_finalize                            - Undefined Weak Reference
    _clock_init                               - Undefined Weak Reference
    _microlib_exit                            - Undefined Weak Reference
    __Vectors_Size                           0x000000ec   Number         0  startup_stm32f10x_md.o ABSOLUTE
    __Vectors                                0x08000000   Data           4  startup_stm32f10x_md.o(RESET)
    __Vectors_End                            0x080000ec   Data           0  startup_stm32f10x_md.o(RESET)
    __main                                   0x080000ed   Thumb Code     0  entry.o(.ARM.Collect$$$$00000000)
    _main_stk                                0x080000ed   Thumb Code     0  entry2.o(.ARM.Collect$$$$00000001)
    _main_scatterload                        0x080000f1   Thumb Code     0  entry5.o(.ARM.Collect$$$$00000004)
    __main_after_scatterload                 0x080000f5   Thumb Code     0  entry5.o(.ARM.Collect$$$$00000004)
    _main_clock                              0x080000f5   Thumb Code     0  entry7b.o(.ARM.Collect$$$$00000008)
    _main_cpp_init                           0x080000f5   Thumb Code     0  entry8b.o(.ARM.Collect$$$$0000000A)
    _main_init                               0x080000f5   Thumb Code     0  entry9a.o(.ARM.Collect$$$$0000000B)
    __rt_final_cpp                           0x080000fd   Thumb Code     0  entry10a.o(.ARM.Collect$$$$0000000D)
    __rt_final_exit                          0x080000fd   Thumb Code     0  entry11a.o(.ARM.Collect$$$$0000000F)
    NVIC_PriorityGroupConfig                 0x08000101   Thumb Code    10  misc.o(.text)
    NVIC_Init                                0x0800010b   Thumb Code   100  misc.o(.text)
    NVIC_SetVectorTable                      0x0800016f   Thumb Code    14  misc.o(.text)
    NVIC_SystemLPConfig                      0x0800017d   Thumb Code    34  misc.o(.text)
    SysTick_CLKSourceConfig                  0x0800019f   Thumb Code    40  misc.o(.text)
    EXTI_DeInit                              0x080001dd   Thumb Code    28  stm32f10x_exti.o(.text)
    EXTI_Init                                0x080001f9   Thumb Code   142  stm32f10x_exti.o(.text)
    EXTI_StructInit                          0x08000287   Thumb Code    16  stm32f10x_exti.o(.text)
    EXTI_GenerateSWInterrupt                 0x08000297   Thumb Code    16  stm32f10x_exti.o(.text)
    EXTI_GetFlagStatus                       0x080002a7   Thumb Code    22  stm32f10x_exti.o(.text)
    EXTI_ClearFlag                           0x080002bd   Thumb Code     8  stm32f10x_exti.o(.text)
    EXTI_GetITStatus                         0x080002c5   Thumb Code    34  stm32f10x_exti.o(.text)
    EXTI_ClearITPendingBit                   0x080002e7   Thumb Code     8  stm32f10x_exti.o(.text)
    GPIO_DeInit                              0x080002f9   Thumb Code   172  stm32f10x_gpio.o(.text)
    GPIO_AFIODeInit                          0x080003a5   Thumb Code    20  stm32f10x_gpio.o(.text)
    GPIO_Init                                0x080003b9   Thumb Code   278  stm32f10x_gpio.o(.text)
    GPIO_StructInit                          0x080004cf   Thumb Code    16  stm32f10x_gpio.o(.text)
    GPIO_ReadInputDataBit                    0x080004df   Thumb Code    18  stm32f10x_gpio.o(.text)
    GPIO_ReadInputData                       0x080004f1   Thumb Code     8  stm32f10x_gpio.o(.text)
    GPIO_ReadOutputDataBit                   0x080004f9   Thumb Code    18  stm32f10x_gpio.o(.text)
    GPIO_ReadOutputData                      0x0800050b   Thumb Code     8  stm32f10x_gpio.o(.text)
    GPIO_SetBits                             0x08000513   Thumb Code     4  stm32f10x_gpio.o(.text)
    GPIO_ResetBits                           0x08000517   Thumb Code     4  stm32f10x_gpio.o(.text)
    GPIO_WriteBit                            0x0800051b   Thumb Code    10  stm32f10x_gpio.o(.text)
    GPIO_Write                               0x08000525   Thumb Code     4  stm32f10x_gpio.o(.text)
    GPIO_PinLockConfig                       0x08000529   Thumb Code    18  stm32f10x_gpio.o(.text)
    GPIO_EventOutputConfig                   0x0800053b   Thumb Code    26  stm32f10x_gpio.o(.text)
    GPIO_EventOutputCmd                      0x08000555   Thumb Code     6  stm32f10x_gpio.o(.text)
    GPIO_PinRemapConfig                      0x0800055b   Thumb Code   138  stm32f10x_gpio.o(.text)
    GPIO_EXTILineConfig                      0x080005e5   Thumb Code    66  stm32f10x_gpio.o(.text)
    GPIO_ETH_MediaInterfaceConfig            0x08000627   Thumb Code     8  stm32f10x_gpio.o(.text)
    RCC_DeInit                               0x08000655   Thumb Code    64  stm32f10x_rcc.o(.text)
    RCC_HSEConfig                            0x08000695   Thumb Code    70  stm32f10x_rcc.o(.text)
    RCC_GetFlagStatus                        0x080006db   Thumb Code    56  stm32f10x_rcc.o(.text)
    RCC_WaitForHSEStartUp                    0x08000713   Thumb Code    56  stm32f10x_rcc.o(.text)
    RCC_AdjustHSICalibrationValue            0x0800074b   Thumb Code    20  stm32f10x_rcc.o(.text)
    RCC_HSICmd                               0x0800075f   Thumb Code     6  stm32f10x_rcc.o(.text)
    RCC_PLLConfig                            0x08000765   Thumb Code    24  stm32f10x_rcc.o(.text)
    RCC_PLLCmd                               0x0800077d   Thumb Code     6  stm32f10x_rcc.o(.text)
    RCC_SYSCLKConfig                         0x08000783   Thumb Code    18  stm32f10x_rcc.o(.text)
    RCC_GetSYSCLKSource                      0x08000795   Thumb Code    10  stm32f10x_rcc.o(.text)
    RCC_HCLKConfig                           0x0800079f   Thumb Code    18  stm32f10x_rcc.o(.text)
    RCC_PCLK1Config                          0x080007b1   Thumb Code    18  stm32f10x_rcc.o(.text)
    RCC_PCLK2Config                          0x080007c3   Thumb Code    20  stm32f10x_rcc.o(.text)
    RCC_ITConfig                             0x080007d7   Thumb Code    26  stm32f10x_rcc.o(.text)
    RCC_USBCLKConfig                         0x080007f1   Thumb Code     8  stm32f10x_rcc.o(.text)
    RCC_ADCCLKConfig                         0x080007f9   Thumb Code    18  stm32f10x_rcc.o(.text)
    RCC_LSEConfig                            0x0800080b   Thumb Code    50  stm32f10x_rcc.o(.text)
    RCC_LSICmd                               0x0800083d   Thumb Code     6  stm32f10x_rcc.o(.text)
    RCC_RTCCLKConfig                         0x08000843   Thumb Code    12  stm32f10x_rcc.o(.text)
    RCC_RTCCLKCmd                            0x0800084f   Thumb Code     8  stm32f10x_rcc.o(.text)
    RCC_GetClocksFreq                        0x08000857   Thumb Code   192  stm32f10x_rcc.o(.text)
    RCC_AHBPeriphClockCmd                    0x08000917   Thumb Code    26  stm32f10x_rcc.o(.text)
    RCC_APB2PeriphClockCmd                   0x08000931   Thumb Code    26  stm32f10x_rcc.o(.text)
    RCC_APB1PeriphClockCmd                   0x0800094b   Thumb Code    26  stm32f10x_rcc.o(.text)
    RCC_APB2PeriphResetCmd                   0x08000965   Thumb Code    26  stm32f10x_rcc.o(.text)
    RCC_APB1PeriphResetCmd                   0x0800097f   Thumb Code    26  stm32f10x_rcc.o(.text)
    RCC_BackupResetCmd                       0x08000999   Thumb Code     8  stm32f10x_rcc.o(.text)
    RCC_ClockSecuritySystemCmd               0x080009a1   Thumb Code     6  stm32f10x_rcc.o(.text)
    RCC_MCOConfig                            0x080009a7   Thumb Code     6  stm32f10x_rcc.o(.text)
    RCC_ClearFlag                            0x080009ad   Thumb Code    14  stm32f10x_rcc.o(.text)
    RCC_GetITStatus                          0x080009bb   Thumb Code    20  stm32f10x_rcc.o(.text)
    RCC_ClearITPendingBit                    0x080009cf   Thumb Code     6  stm32f10x_rcc.o(.text)
    TIM_DeInit                               0x080009f9   Thumb Code   424  stm32f10x_tim.o(.text)
    TIM_TimeBaseInit                         0x08000ba1   Thumb Code   122  stm32f10x_tim.o(.text)
    TIM_OC1Init                              0x08000c1b   Thumb Code   132  stm32f10x_tim.o(.text)
    TIM_OC2Init                              0x08000c9f   Thumb Code   154  stm32f10x_tim.o(.text)
    TIM_OC3Init                              0x08000d39   Thumb Code   150  stm32f10x_tim.o(.text)
    TIM_OC4Init                              0x08000dcf   Thumb Code   182  stm32f10x_tim.o(.text)
    TIM_SetIC4Prescaler                      0x08000e85   Thumb Code    26  stm32f10x_tim.o(.text)
    TIM_SetIC3Prescaler                      0x08000f21   Thumb Code    18  stm32f10x_tim.o(.text)
    TIM_SetIC2Prescaler                      0x08000fad   Thumb Code    26  stm32f10x_tim.o(.text)
    TIM_SetIC1Prescaler                      0x08001049   Thumb Code    18  stm32f10x_tim.o(.text)
    TIM_ICInit                               0x080010c7   Thumb Code   150  stm32f10x_tim.o(.text)
    TIM_PWMIConfig                           0x0800115d   Thumb Code   124  stm32f10x_tim.o(.text)
    TIM_BDTRConfig                           0x080011d9   Thumb Code    32  stm32f10x_tim.o(.text)
    TIM_TimeBaseStructInit                   0x080011f9   Thumb Code    18  stm32f10x_tim.o(.text)
    TIM_OCStructInit                         0x0800120b   Thumb Code    20  stm32f10x_tim.o(.text)
    TIM_ICStructInit                         0x0800121f   Thumb Code    18  stm32f10x_tim.o(.text)
    TIM_BDTRStructInit                       0x08001231   Thumb Code    40  stm32f10x_tim.o(.text)
    TIM_Cmd                                  0x08001259   Thumb Code    24  stm32f10x_tim.o(.text)
    TIM_CtrlPWMOutputs                       0x08001271   Thumb Code    30  stm32f10x_tim.o(.text)
    TIM_ITConfig                             0x0800128f   Thumb Code    18  stm32f10x_tim.o(.text)
    TIM_GenerateEvent                        0x080012a1   Thumb Code     4  stm32f10x_tim.o(.text)
    TIM_DMAConfig                            0x080012a5   Thumb Code    10  stm32f10x_tim.o(.text)
    TIM_DMACmd                               0x080012af   Thumb Code    18  stm32f10x_tim.o(.text)
    TIM_InternalClockConfig                  0x080012c1   Thumb Code    12  stm32f10x_tim.o(.text)
    TIM_SelectInputTrigger                   0x080012cd   Thumb Code    18  stm32f10x_tim.o(.text)
    TIM_ITRxExternalClockConfig              0x080012df   Thumb Code    24  stm32f10x_tim.o(.text)
    TIM_TIxExternalClockConfig               0x080012f7   Thumb Code    62  stm32f10x_tim.o(.text)
    TIM_ETRConfig                            0x08001335   Thumb Code    28  stm32f10x_tim.o(.text)
    TIM_ETRClockMode1Config                  0x08001351   Thumb Code    54  stm32f10x_tim.o(.text)
    TIM_ETRClockMode2Config                  0x08001387   Thumb Code    32  stm32f10x_tim.o(.text)
    TIM_PrescalerConfig                      0x080013a7   Thumb Code     6  stm32f10x_tim.o(.text)
    TIM_CounterModeConfig                    0x080013ad   Thumb Code    18  stm32f10x_tim.o(.text)
    TIM_EncoderInterfaceConfig               0x080013bf   Thumb Code    66  stm32f10x_tim.o(.text)
    TIM_ForcedOC1Config                      0x08001401   Thumb Code    18  stm32f10x_tim.o(.text)
    TIM_ForcedOC2Config                      0x08001413   Thumb Code    26  stm32f10x_tim.o(.text)
    TIM_ForcedOC3Config                      0x0800142d   Thumb Code    18  stm32f10x_tim.o(.text)
    TIM_ForcedOC4Config                      0x0800143f   Thumb Code    26  stm32f10x_tim.o(.text)
    TIM_ARRPreloadConfig                     0x08001459   Thumb Code    24  stm32f10x_tim.o(.text)
    TIM_SelectCOM                            0x08001471   Thumb Code    24  stm32f10x_tim.o(.text)
    TIM_SelectCCDMA                          0x08001489   Thumb Code    24  stm32f10x_tim.o(.text)
    TIM_CCPreloadControl                     0x080014a1   Thumb Code    24  stm32f10x_tim.o(.text)
    TIM_OC1PreloadConfig                     0x080014b9   Thumb Code    18  stm32f10x_tim.o(.text)
    TIM_OC2PreloadConfig                     0x080014cb   Thumb Code    26  stm32f10x_tim.o(.text)
    TIM_OC3PreloadConfig                     0x080014e5   Thumb Code    18  stm32f10x_tim.o(.text)
    TIM_OC4PreloadConfig                     0x080014f7   Thumb Code    26  stm32f10x_tim.o(.text)
    TIM_OC1FastConfig                        0x08001511   Thumb Code    18  stm32f10x_tim.o(.text)
    TIM_OC2FastConfig                        0x08001523   Thumb Code    26  stm32f10x_tim.o(.text)
    TIM_OC3FastConfig                        0x0800153d   Thumb Code    18  stm32f10x_tim.o(.text)
    TIM_OC4FastConfig                        0x0800154f   Thumb Code    26  stm32f10x_tim.o(.text)
    TIM_ClearOC1Ref                          0x08001569   Thumb Code    18  stm32f10x_tim.o(.text)
    TIM_ClearOC2Ref                          0x0800157b   Thumb Code    24  stm32f10x_tim.o(.text)
    TIM_ClearOC3Ref                          0x08001593   Thumb Code    18  stm32f10x_tim.o(.text)
    TIM_ClearOC4Ref                          0x080015a5   Thumb Code    24  stm32f10x_tim.o(.text)
    TIM_OC1PolarityConfig                    0x080015bd   Thumb Code    18  stm32f10x_tim.o(.text)
    TIM_OC1NPolarityConfig                   0x080015cf   Thumb Code    18  stm32f10x_tim.o(.text)
    TIM_OC2PolarityConfig                    0x080015e1   Thumb Code    26  stm32f10x_tim.o(.text)
    TIM_OC2NPolarityConfig                   0x080015fb   Thumb Code    26  stm32f10x_tim.o(.text)
    TIM_OC3PolarityConfig                    0x08001615   Thumb Code    26  stm32f10x_tim.o(.text)
    TIM_OC3NPolarityConfig                   0x0800162f   Thumb Code    26  stm32f10x_tim.o(.text)
    TIM_OC4PolarityConfig                    0x08001649   Thumb Code    26  stm32f10x_tim.o(.text)
    TIM_CCxCmd                               0x08001663   Thumb Code    30  stm32f10x_tim.o(.text)
    TIM_CCxNCmd                              0x08001681   Thumb Code    30  stm32f10x_tim.o(.text)
    TIM_SelectOCxM                           0x0800169f   Thumb Code    82  stm32f10x_tim.o(.text)
    TIM_UpdateDisableConfig                  0x080016f1   Thumb Code    24  stm32f10x_tim.o(.text)
    TIM_UpdateRequestConfig                  0x08001709   Thumb Code    24  stm32f10x_tim.o(.text)
    TIM_SelectHallSensor                     0x08001721   Thumb Code    24  stm32f10x_tim.o(.text)
    TIM_SelectOnePulseMode                   0x08001739   Thumb Code    18  stm32f10x_tim.o(.text)
    TIM_SelectOutputTrigger                  0x0800174b   Thumb Code    18  stm32f10x_tim.o(.text)
    TIM_SelectSlaveMode                      0x0800175d   Thumb Code    18  stm32f10x_tim.o(.text)
    TIM_SelectMasterSlaveMode                0x0800176f   Thumb Code    18  stm32f10x_tim.o(.text)
    TIM_SetCounter                           0x08001781   Thumb Code     4  stm32f10x_tim.o(.text)
    TIM_SetAutoreload                        0x08001785   Thumb Code     4  stm32f10x_tim.o(.text)
    TIM_SetCompare1                          0x08001789   Thumb Code     4  stm32f10x_tim.o(.text)
    TIM_SetCompare2                          0x0800178d   Thumb Code     4  stm32f10x_tim.o(.text)
    TIM_SetCompare3                          0x08001791   Thumb Code     4  stm32f10x_tim.o(.text)
    TIM_SetCompare4                          0x08001795   Thumb Code     6  stm32f10x_tim.o(.text)
    TIM_SetClockDivision                     0x0800179b   Thumb Code    18  stm32f10x_tim.o(.text)
    TIM_GetCapture1                          0x080017ad   Thumb Code     6  stm32f10x_tim.o(.text)
    TIM_GetCapture2                          0x080017b3   Thumb Code     6  stm32f10x_tim.o(.text)
    TIM_GetCapture3                          0x080017b9   Thumb Code     6  stm32f10x_tim.o(.text)
    TIM_GetCapture4                          0x080017bf   Thumb Code     8  stm32f10x_tim.o(.text)
    TIM_GetCounter                           0x080017c7   Thumb Code     6  stm32f10x_tim.o(.text)
    TIM_GetPrescaler                         0x080017cd   Thumb Code     6  stm32f10x_tim.o(.text)
    TIM_GetFlagStatus                        0x080017d3   Thumb Code    18  stm32f10x_tim.o(.text)
    TIM_ClearFlag                            0x080017e5   Thumb Code     6  stm32f10x_tim.o(.text)
    TIM_GetITStatus                          0x080017eb   Thumb Code    34  stm32f10x_tim.o(.text)
    TIM_ClearITPendingBit                    0x0800180d   Thumb Code     6  stm32f10x_tim.o(.text)
    USART_DeInit                             0x08001815   Thumb Code   134  stm32f10x_usart.o(.text)
    USART_Init                               0x0800189b   Thumb Code   210  stm32f10x_usart.o(.text)
    USART_StructInit                         0x0800196d   Thumb Code    24  stm32f10x_usart.o(.text)
    USART_ClockInit                          0x08001985   Thumb Code    34  stm32f10x_usart.o(.text)
    USART_ClockStructInit                    0x080019a7   Thumb Code    12  stm32f10x_usart.o(.text)
    USART_Cmd                                0x080019b3   Thumb Code    24  stm32f10x_usart.o(.text)
    USART_ITConfig                           0x080019cb   Thumb Code    74  stm32f10x_usart.o(.text)
    USART_DMACmd                             0x08001a15   Thumb Code    18  stm32f10x_usart.o(.text)
    USART_SetAddress                         0x08001a27   Thumb Code    18  stm32f10x_usart.o(.text)
    USART_WakeUpConfig                       0x08001a39   Thumb Code    18  stm32f10x_usart.o(.text)
    USART_ReceiverWakeUpCmd                  0x08001a4b   Thumb Code    24  stm32f10x_usart.o(.text)
    USART_LINBreakDetectLengthConfig         0x08001a63   Thumb Code    18  stm32f10x_usart.o(.text)
    USART_LINCmd                             0x08001a75   Thumb Code    24  stm32f10x_usart.o(.text)
    USART_SendData                           0x08001a8d   Thumb Code     8  stm32f10x_usart.o(.text)
    USART_ReceiveData                        0x08001a95   Thumb Code    10  stm32f10x_usart.o(.text)
    USART_SendBreak                          0x08001a9f   Thumb Code    10  stm32f10x_usart.o(.text)
    USART_SetGuardTime                       0x08001aa9   Thumb Code    16  stm32f10x_usart.o(.text)
    USART_SetPrescaler                       0x08001ab9   Thumb Code    16  stm32f10x_usart.o(.text)
    USART_SmartCardCmd                       0x08001ac9   Thumb Code    24  stm32f10x_usart.o(.text)
    USART_SmartCardNACKCmd                   0x08001ae1   Thumb Code    24  stm32f10x_usart.o(.text)
    USART_HalfDuplexCmd                      0x08001af9   Thumb Code    24  stm32f10x_usart.o(.text)
    USART_OverSampling8Cmd                   0x08001b11   Thumb Code    22  stm32f10x_usart.o(.text)
    USART_OneBitMethodCmd                    0x08001b27   Thumb Code    24  stm32f10x_usart.o(.text)
    USART_IrDAConfig                         0x08001b3f   Thumb Code    18  stm32f10x_usart.o(.text)
    USART_IrDACmd                            0x08001b51   Thumb Code    24  stm32f10x_usart.o(.text)
    USART_GetFlagStatus                      0x08001b69   Thumb Code    26  stm32f10x_usart.o(.text)
    USART_ClearFlag                          0x08001b83   Thumb Code    18  stm32f10x_usart.o(.text)
    USART_GetITStatus                        0x08001b95   Thumb Code    84  stm32f10x_usart.o(.text)
    USART_ClearITPendingBit                  0x08001be9   Thumb Code    52  stm32f10x_usart.o(.text)
    SystemInit                               0x08001cfb   Thumb Code    78  system_stm32f10x.o(.text)
    SystemCoreClockUpdate                    0x08001d49   Thumb Code   142  system_stm32f10x.o(.text)
    delay_us                                 0x08001dfd   Thumb Code    26  delay.o(.text)
    delay_ms                                 0x08001e17   Thumb Code    24  delay.o(.text)
    get_ms                                   0x08001e2f   Thumb Code     2  delay.o(.text)
    i2cInit                                  0x08002049   Thumb Code    42  i2c.o(.text)
    i2cWriteBuffer                           0x08002073   Thumb Code   100  i2c.o(.text)
    i2cwrite                                 0x080020d7   Thumb Code    38  i2c.o(.text)
    i2cRead                                  0x080020fd   Thumb Code   120  i2c.o(.text)
    i2cread                                  0x08002175   Thumb Code    38  i2c.o(.text)
    i2cWrite                                 0x0800219b   Thumb Code    72  i2c.o(.text)
    i2cGetErrorCounter                       0x080021e3   Thumb Code     4  i2c.o(.text)
    main                                     0x080021ed   Thumb Code   104  main.o(.text)
    MOTOR_Init                               0x08002259   Thumb Code    50  motor.o(.text)
    TIM2_PWM_CHANGE                          0x0800233f   Thumb Code    82  motor.o(.text)
    TIM2_PWM_Init                            0x08002391   Thumb Code    12  motor.o(.text)
    TIM3_IRQHandler                          0x0800239d   Thumb Code    16  motor.o(.text)
    TIM4_IRQHandler                          0x080023ad   Thumb Code    16  motor.o(.text)
    TIM3_Encoder_Init                        0x080023bd   Thumb Code   210  motor.o(.text)
    TIM4_Encoder_Init                        0x0800248f   Thumb Code   210  motor.o(.text)
    TIM3_External_Clock_CountingMode         0x08002561   Thumb Code   162  motor.o(.text)
    TIM4_External_Clock_CountingMode         0x08002603   Thumb Code   174  motor.o(.text)
    delay_xms                                0x080026b5   Thumb Code    32  mpu6050.o(.text)
    MPU6050_Init                             0x080026d5   Thumb Code   234  mpu6050.o(.text)
    MPU6050_Pose                             0x080027bf   Thumb Code  1340  mpu6050.o(.text)
    NMI_Handler                              0x08002d19   Thumb Code     2  stm32f10x_it.o(.text)
    HardFault_Handler                        0x08002d1b   Thumb Code     4  stm32f10x_it.o(.text)
    MemManage_Handler                        0x08002d1f   Thumb Code     4  stm32f10x_it.o(.text)
    BusFault_Handler                         0x08002d23   Thumb Code     4  stm32f10x_it.o(.text)
    UsageFault_Handler                       0x08002d27   Thumb Code     4  stm32f10x_it.o(.text)
    SVC_Handler                              0x08002d2b   Thumb Code     2  stm32f10x_it.o(.text)
    DebugMon_Handler                         0x08002d2d   Thumb Code     2  stm32f10x_it.o(.text)
    PendSV_Handler                           0x08002d2f   Thumb Code     2  stm32f10x_it.o(.text)
    SysTick_Handler                          0x08002d31   Thumb Code   120  stm32f10x_it.o(.text)
    SysTick_Init                             0x08002dc1   Thumb Code   106  systick.o(.text)
    Delay_us                                 0x08002e2b   Thumb Code    36  systick.o(.text)
    TimingDelay_Decrement                    0x08002e4f   Thumb Code    18  systick.o(.text)
    Timerx_Init                              0x08002e71   Thumb Code    92  timer.o(.text)
    TIM1_UP_IRQHandler                       0x08002ecd   Thumb Code    22  timer.o(.text)
    Serial_Init                              0x08002ee9   Thumb Code   122  serial.o(.text)
    NVIC_Configurationusart3                 0x08002f63   Thumb Code    40  serial.o(.text)
    bluetooth_Init                           0x08002f8b   Thumb Code   148  serial.o(.text)
    Serial_SendByte                          0x0800301f   Thumb Code    28  serial.o(.text)
    fputc                                    0x0800303b   Thumb Code    16  serial.o(.text)
    USART3_Send_Byte                         0x0800304b   Thumb Code    28  serial.o(.text)
    UART3_Send_Char                          0x08003067   Thumb Code    24  serial.o(.text)
    Serial_SendString                        0x0800307f   Thumb Code    26  serial.o(.text)
    Serial_Printf                            0x08003099   Thumb Code    36  serial.o(.text)
    UltraSonic_Init                          0x080030cd   Thumb Code   130  ultrasonic.o(.text)
    EXTI1_IRQHandler                         0x0800314f   Thumb Code    96  ultrasonic.o(.text)
    UltrasonicWave_StartMeasure              0x080031af   Thumb Code    26  ultrasonic.o(.text)
    delay_nms                                0x080031d9   Thumb Code    32  balancecar.o(.text)
    BalancingCarParameterInit                0x080031f9   Thumb Code    92  balancecar.o(.text)
    AngleControl                             0x08003255   Thumb Code   244  balancecar.o(.text)
    SetMotorVoltageAndDirection              0x08003349   Thumb Code   316  balancecar.o(.text)
    MotorOutput                              0x08003485   Thumb Code   176  balancecar.o(.text)
    GetMotorPulse                            0x08003535   Thumb Code    90  balancecar.o(.text)
    SpeedControl                             0x0800358f   Thumb Code   582  balancecar.o(.text)
    USART3_IRQHandler                        0x080037d5   Thumb Code   104  balancecar.o(.text)
    UltraSonicProcessing                     0x0800383d   Thumb Code   142  balancecar.o(.text)
    Balancingcarcontrol                      0x080038cb   Thumb Code   164  balancecar.o(.text)
    Packetparsing                            0x0800396f   Thumb Code   194  balancecar.o(.text)
    Reset_Handler                            0x08003b31   Thumb Code     8  startup_stm32f10x_md.o(.text)
    ADC1_2_IRQHandler                        0x08003b4b   Thumb Code     0  startup_stm32f10x_md.o(.text)
    CAN1_RX1_IRQHandler                      0x08003b4b   Thumb Code     0  startup_stm32f10x_md.o(.text)
    CAN1_SCE_IRQHandler                      0x08003b4b   Thumb Code     0  startup_stm32f10x_md.o(.text)
    DMA1_Channel1_IRQHandler                 0x08003b4b   Thumb Code     0  startup_stm32f10x_md.o(.text)
    DMA1_Channel2_IRQHandler                 0x08003b4b   Thumb Code     0  startup_stm32f10x_md.o(.text)
    DMA1_Channel3_IRQHandler                 0x08003b4b   Thumb Code     0  startup_stm32f10x_md.o(.text)
    DMA1_Channel4_IRQHandler                 0x08003b4b   Thumb Code     0  startup_stm32f10x_md.o(.text)
    DMA1_Channel5_IRQHandler                 0x08003b4b   Thumb Code     0  startup_stm32f10x_md.o(.text)
    DMA1_Channel6_IRQHandler                 0x08003b4b   Thumb Code     0  startup_stm32f10x_md.o(.text)
    DMA1_Channel7_IRQHandler                 0x08003b4b   Thumb Code     0  startup_stm32f10x_md.o(.text)
    EXTI0_IRQHandler                         0x08003b4b   Thumb Code     0  startup_stm32f10x_md.o(.text)
    EXTI15_10_IRQHandler                     0x08003b4b   Thumb Code     0  startup_stm32f10x_md.o(.text)
    EXTI2_IRQHandler                         0x08003b4b   Thumb Code     0  startup_stm32f10x_md.o(.text)
    EXTI3_IRQHandler                         0x08003b4b   Thumb Code     0  startup_stm32f10x_md.o(.text)
    EXTI4_IRQHandler                         0x08003b4b   Thumb Code     0  startup_stm32f10x_md.o(.text)
    EXTI9_5_IRQHandler                       0x08003b4b   Thumb Code     0  startup_stm32f10x_md.o(.text)
    FLASH_IRQHandler                         0x08003b4b   Thumb Code     0  startup_stm32f10x_md.o(.text)
    I2C1_ER_IRQHandler                       0x08003b4b   Thumb Code     0  startup_stm32f10x_md.o(.text)
    I2C1_EV_IRQHandler                       0x08003b4b   Thumb Code     0  startup_stm32f10x_md.o(.text)
    I2C2_ER_IRQHandler                       0x08003b4b   Thumb Code     0  startup_stm32f10x_md.o(.text)
    I2C2_EV_IRQHandler                       0x08003b4b   Thumb Code     0  startup_stm32f10x_md.o(.text)
    PVD_IRQHandler                           0x08003b4b   Thumb Code     0  startup_stm32f10x_md.o(.text)
    RCC_IRQHandler                           0x08003b4b   Thumb Code     0  startup_stm32f10x_md.o(.text)
    RTCAlarm_IRQHandler                      0x08003b4b   Thumb Code     0  startup_stm32f10x_md.o(.text)
    RTC_IRQHandler                           0x08003b4b   Thumb Code     0  startup_stm32f10x_md.o(.text)
    SPI1_IRQHandler                          0x08003b4b   Thumb Code     0  startup_stm32f10x_md.o(.text)
    SPI2_IRQHandler                          0x08003b4b   Thumb Code     0  startup_stm32f10x_md.o(.text)
    TAMPER_IRQHandler                        0x08003b4b   Thumb Code     0  startup_stm32f10x_md.o(.text)
    TIM1_BRK_IRQHandler                      0x08003b4b   Thumb Code     0  startup_stm32f10x_md.o(.text)
    TIM1_CC_IRQHandler                       0x08003b4b   Thumb Code     0  startup_stm32f10x_md.o(.text)
    TIM1_TRG_COM_IRQHandler                  0x08003b4b   Thumb Code     0  startup_stm32f10x_md.o(.text)
    TIM2_IRQHandler                          0x08003b4b   Thumb Code     0  startup_stm32f10x_md.o(.text)
    USART1_IRQHandler                        0x08003b4b   Thumb Code     0  startup_stm32f10x_md.o(.text)
    USART2_IRQHandler                        0x08003b4b   Thumb Code     0  startup_stm32f10x_md.o(.text)
    USBWakeUp_IRQHandler                     0x08003b4b   Thumb Code     0  startup_stm32f10x_md.o(.text)
    USB_HP_CAN1_TX_IRQHandler                0x08003b4b   Thumb Code     0  startup_stm32f10x_md.o(.text)
    USB_LP_CAN1_RX0_IRQHandler               0x08003b4b   Thumb Code     0  startup_stm32f10x_md.o(.text)
    WWDG_IRQHandler                          0x08003b4b   Thumb Code     0  startup_stm32f10x_md.o(.text)
    mpu_reg_dump                             0x08003bdf   Thumb Code    72  inv_mpu.o(.text)
    mpu_read_reg                             0x08003c27   Thumb Code    66  inv_mpu.o(.text)
    mpu_set_int_latched                      0x08003c69   Thumb Code   102  inv_mpu.o(.text)
    mpu_set_sensors                          0x08003ccf   Thumb Code   202  inv_mpu.o(.text)
    mpu_set_bypass                           0x08003d99   Thumb Code   328  inv_mpu.o(.text)
    mpu_reset_fifo                           0x08003ee1   Thumb Code   456  inv_mpu.o(.text)
    mpu_configure_fifo                       0x080040a9   Thumb Code   106  inv_mpu.o(.text)
    mpu_set_lpf                              0x08004113   Thumb Code   126  inv_mpu.o(.text)
    mpu_lp_accel_mode                        0x08004191   Thumb Code   218  inv_mpu.o(.text)
    mpu_set_sample_rate                      0x0800426b   Thumb Code   152  inv_mpu.o(.text)
    mpu_set_accel_fsr                        0x08004303   Thumb Code   132  inv_mpu.o(.text)
    mpu_set_gyro_fsr                         0x08004387   Thumb Code   132  inv_mpu.o(.text)
    mpu_init                                 0x0800440b   Thumb Code   414  inv_mpu.o(.text)
    mpu_get_gyro_reg                         0x080045a9   Thumb Code   110  inv_mpu.o(.text)
    mpu_get_accel_reg                        0x08004617   Thumb Code   110  inv_mpu.o(.text)
    mpu_get_temperature                      0x08004685   Thumb Code   150  inv_mpu.o(.text)
    mpu_set_accel_bias                       0x0800471b   Thumb Code   468  inv_mpu.o(.text)
    mpu_get_gyro_fsr                         0x080048ef   Thumb Code    64  inv_mpu.o(.text)
    mpu_get_accel_fsr                        0x0800492f   Thumb Code    72  inv_mpu.o(.text)
    mpu_get_lpf                              0x08004977   Thumb Code    74  inv_mpu.o(.text)
    mpu_get_sample_rate                      0x080049c1   Thumb Code    26  inv_mpu.o(.text)
    mpu_get_compass_sample_rate              0x080049db   Thumb Code    10  inv_mpu.o(.text)
    mpu_set_compass_sample_rate              0x080049e5   Thumb Code     8  inv_mpu.o(.text)
    mpu_get_gyro_sens                        0x080049ed   Thumb Code    58  inv_mpu.o(.text)
    mpu_get_accel_sens                       0x08004a27   Thumb Code    78  inv_mpu.o(.text)
    mpu_get_fifo_config                      0x08004a75   Thumb Code    12  inv_mpu.o(.text)
    mpu_get_power_state                      0x08004a81   Thumb Code    22  inv_mpu.o(.text)
    mpu_get_int_status                       0x08004a97   Thumb Code    64  inv_mpu.o(.text)
    mpu_read_fifo                            0x08004ad7   Thumb Code   520  inv_mpu.o(.text)
    mpu_read_fifo_stream                     0x08004cdf   Thumb Code   186  inv_mpu.o(.text)
    mpu_set_int_level                        0x08004d99   Thumb Code    12  inv_mpu.o(.text)
    mpu_set_dmp_state                        0x08005479   Thumb Code   138  inv_mpu.o(.text)
    mpu_run_self_test                        0x08005503   Thumb Code   278  inv_mpu.o(.text)
    mpu_write_mem                            0x08005619   Thumb Code   122  inv_mpu.o(.text)
    mpu_read_mem                             0x08005693   Thumb Code   122  inv_mpu.o(.text)
    mpu_load_firmware                        0x0800570d   Thumb Code   190  inv_mpu.o(.text)
    mpu_get_dmp_state                        0x080057cb   Thumb Code    14  inv_mpu.o(.text)
    mpu_get_compass_reg                      0x080057d9   Thumb Code     8  inv_mpu.o(.text)
    mpu_get_compass_fsr                      0x080057e1   Thumb Code     8  inv_mpu.o(.text)
    mpu_lp_motion_interrupt                  0x080057e9   Thumb Code   512  inv_mpu.o(.text)
    dmp_load_motion_driver_firmware          0x080059ed   Thumb Code    20  inv_mpu_dmp_motion_driver.o(.text)
    dmp_set_orientation                      0x08005a01   Thumb Code   290  inv_mpu_dmp_motion_driver.o(.text)
    dmp_set_gyro_bias                        0x08005b23   Thumb Code   294  inv_mpu_dmp_motion_driver.o(.text)
    dmp_set_accel_bias                       0x08005c49   Thumb Code   300  inv_mpu_dmp_motion_driver.o(.text)
    dmp_set_fifo_rate                        0x08005d75   Thumb Code   136  inv_mpu_dmp_motion_driver.o(.text)
    dmp_get_fifo_rate                        0x08005dfd   Thumb Code    12  inv_mpu_dmp_motion_driver.o(.text)
    dmp_set_tap_thresh                       0x08005e09   Thumb Code   396  inv_mpu_dmp_motion_driver.o(.text)
    dmp_set_tap_axes                         0x08005f95   Thumb Code    70  inv_mpu_dmp_motion_driver.o(.text)
    dmp_set_tap_count                        0x08005fdb   Thumb Code    38  inv_mpu_dmp_motion_driver.o(.text)
    dmp_set_tap_time                         0x08006001   Thumb Code    38  inv_mpu_dmp_motion_driver.o(.text)
    dmp_set_tap_time_multi                   0x08006027   Thumb Code    38  inv_mpu_dmp_motion_driver.o(.text)
    dmp_set_shake_reject_thresh              0x0800604d   Thumb Code    56  inv_mpu_dmp_motion_driver.o(.text)
    dmp_set_shake_reject_time                0x08006085   Thumb Code    38  inv_mpu_dmp_motion_driver.o(.text)
    dmp_set_shake_reject_timeout             0x080060ab   Thumb Code    38  inv_mpu_dmp_motion_driver.o(.text)
    dmp_get_pedometer_step_count             0x080060d1   Thumb Code    66  inv_mpu_dmp_motion_driver.o(.text)
    dmp_set_pedometer_step_count             0x08006113   Thumb Code    42  inv_mpu_dmp_motion_driver.o(.text)
    dmp_get_pedometer_walk_time              0x0800613d   Thumb Code    72  inv_mpu_dmp_motion_driver.o(.text)
    dmp_set_pedometer_walk_time              0x08006185   Thumb Code    48  inv_mpu_dmp_motion_driver.o(.text)
    dmp_enable_6x_lp_quat                    0x080061b5   Thumb Code    84  inv_mpu_dmp_motion_driver.o(.text)
    dmp_enable_lp_quat                       0x08006209   Thumb Code    60  inv_mpu_dmp_motion_driver.o(.text)
    dmp_enable_gyro_cal                      0x08006245   Thumb Code    62  inv_mpu_dmp_motion_driver.o(.text)
    dmp_enable_feature                       0x08006283   Thumb Code   530  inv_mpu_dmp_motion_driver.o(.text)
    dmp_get_enabled_features                 0x08006495   Thumb Code    12  inv_mpu_dmp_motion_driver.o(.text)
    dmp_set_interrupt_mode                   0x080064ff   Thumb Code    66  inv_mpu_dmp_motion_driver.o(.text)
    dmp_read_fifo                            0x08006541   Thumb Code   514  inv_mpu_dmp_motion_driver.o(.text)
    dmp_register_tap_cb                      0x08006743   Thumb Code    10  inv_mpu_dmp_motion_driver.o(.text)
    dmp_register_android_orient_cb           0x0800674d   Thumb Code    10  inv_mpu_dmp_motion_driver.o(.text)
    inv_orientation_matrix_to_scalar         0x080067a5   Thumb Code    40  inv_mpu_dmp_motion_driver.o(.text)
    run_self_test                            0x080067cd   Thumb Code   156  inv_mpu_dmp_motion_driver.o(.text)
    __aeabi_ldivmod                          0x080068b5   Thumb Code    98  ldiv.o(.text)
    __aeabi_memset                           0x08006917   Thumb Code    14  memseta.o(.text)
    __aeabi_memset4                          0x08006917   Thumb Code     0  memseta.o(.text)
    __aeabi_memset8                          0x08006917   Thumb Code     0  memseta.o(.text)
    __aeabi_memclr                           0x08006925   Thumb Code     4  memseta.o(.text)
    __aeabi_memclr4                          0x08006925   Thumb Code     0  memseta.o(.text)
    __aeabi_memclr8                          0x08006925   Thumb Code     0  memseta.o(.text)
    _memset$wrapper                          0x08006929   Thumb Code    18  memseta.o(.text)
    strcmp                                   0x0800693b   Thumb Code    28  strcmp.o(.text)
    memcmp                                   0x08006957   Thumb Code    26  memcmp.o(.text)
    __aeabi_fadd                             0x08006971   Thumb Code   164  fadd.o(.text)
    __aeabi_fsub                             0x08006a15   Thumb Code     6  fadd.o(.text)
    __aeabi_frsub                            0x08006a1b   Thumb Code     6  fadd.o(.text)
    __aeabi_fmul                             0x08006a21   Thumb Code   100  fmul.o(.text)
    __aeabi_fdiv                             0x08006a85   Thumb Code   124  fdiv.o(.text)
    __aeabi_dadd                             0x08006b01   Thumb Code   322  dadd.o(.text)
    __aeabi_dsub                             0x08006c43   Thumb Code     6  dadd.o(.text)
    __aeabi_drsub                            0x08006c49   Thumb Code     6  dadd.o(.text)
    __aeabi_dmul                             0x08006c4f   Thumb Code   228  dmul.o(.text)
    __aeabi_ddiv                             0x08006d33   Thumb Code   222  ddiv.o(.text)
    __aeabi_i2f                              0x08006e11   Thumb Code    18  fflti.o(.text)
    __aeabi_ui2f                             0x08006e23   Thumb Code    10  ffltui.o(.text)
    __aeabi_i2d                              0x08006e2d   Thumb Code    34  dflti.o(.text)
    __aeabi_f2iz                             0x08006e4f   Thumb Code    50  ffixi.o(.text)
    __aeabi_f2uiz                            0x08006e81   Thumb Code    40  ffixui.o(.text)
    __aeabi_f2d                              0x08006ea9   Thumb Code    38  f2d.o(.text)
    __aeabi_cdcmpeq                          0x08006ed1   Thumb Code     0  cdcmple.o(.text)
    __aeabi_cdcmple                          0x08006ed1   Thumb Code    48  cdcmple.o(.text)
    __aeabi_d2f                              0x08006f01   Thumb Code    56  d2f.o(.text)
    __aeabi_cfcmpeq                          0x08006f39   Thumb Code     0  cfcmple.o(.text)
    __aeabi_cfcmple                          0x08006f39   Thumb Code    20  cfcmple.o(.text)
    __aeabi_cfrcmple                         0x08006f4d   Thumb Code    20  cfrcmple.o(.text)
    __aeabi_uidiv                            0x08006f61   Thumb Code     0  uidiv.o(.text)
    __aeabi_uidivmod                         0x08006f61   Thumb Code    44  uidiv.o(.text)
    __aeabi_uldivmod                         0x08006f8d   Thumb Code    98  uldiv.o(.text)
    __aeabi_llsl                             0x08006fef   Thumb Code    30  llshl.o(.text)
    _ll_shift_l                              0x08006fef   Thumb Code     0  llshl.o(.text)
    __aeabi_lasr                             0x0800700d   Thumb Code    36  llsshr.o(.text)
    _ll_sshift_r                             0x0800700d   Thumb Code     0  llsshr.o(.text)
    __I$use$fp                               0x08007031   Thumb Code     0  iusefp.o(.text)
    _float_round                             0x08007031   Thumb Code    18  fepilogue.o(.text)
    _float_epilogue                          0x08007043   Thumb Code    92  fepilogue.o(.text)
    _double_round                            0x0800709f   Thumb Code    30  depilogue.o(.text)
    _double_epilogue                         0x080070bd   Thumb Code   156  depilogue.o(.text)
    __ARM_scalbn                             0x08007159   Thumb Code    46  dscalb.o(.text)
    scalbn                                   0x08007159   Thumb Code     0  dscalb.o(.text)
    __aeabi_d2ulz                            0x08007187   Thumb Code    48  dfixul.o(.text)
    __aeabi_cdrcmple                         0x080071b9   Thumb Code    48  cdrcmple.o(.text)
    __scatterload                            0x080071e9   Thumb Code    28  init.o(.text)
    __scatterload_rt2                        0x080071e9   Thumb Code     0  init.o(.text)
    __aeabi_llsr                             0x0800720d   Thumb Code    32  llushr.o(.text)
    _ll_ushift_r                             0x0800720d   Thumb Code     0  llushr.o(.text)
    _dsqrt                                   0x0800722d   Thumb Code   162  dsqrt.o(.text)
    __decompress                             0x080072cf   Thumb Code     0  __dczerorl2.o(.text)
    __decompress1                            0x080072cf   Thumb Code    86  __dczerorl2.o(.text)
    __0printf$bare                           0x08007325   Thumb Code     8  printfb.o(i.__0printf$bare)
    __1printf$bare                           0x08007325   Thumb Code     0  printfb.o(i.__0printf$bare)
    __2printf                                0x08007325   Thumb Code     0  printfb.o(i.__0printf$bare)
    __0vsprintf                              0x08007335   Thumb Code    30  printfa.o(i.__0vsprintf)
    __1vsprintf                              0x08007335   Thumb Code     0  printfa.o(i.__0vsprintf)
    __2vsprintf                              0x08007335   Thumb Code     0  printfa.o(i.__0vsprintf)
    __c89vsprintf                            0x08007335   Thumb Code     0  printfa.o(i.__0vsprintf)
    vsprintf                                 0x08007335   Thumb Code     0  printfa.o(i.__0vsprintf)
    __ARM_fpclassify                         0x08007359   Thumb Code    40  fpclassify.o(i.__ARM_fpclassify)
    __kernel_poly                            0x08007381   Thumb Code   170  poly.o(i.__kernel_poly)
    __mathlib_dbl_infnan                     0x0800742b   Thumb Code     6  dunder.o(i.__mathlib_dbl_infnan)
    __mathlib_dbl_infnan2                    0x08007431   Thumb Code     4  dunder.o(i.__mathlib_dbl_infnan2)
    __mathlib_dbl_invalid                    0x08007435   Thumb Code    12  dunder.o(i.__mathlib_dbl_invalid)
    __mathlib_dbl_underflow                  0x08007441   Thumb Code    10  dunder.o(i.__mathlib_dbl_underflow)
    __scatterload_copy                       0x08007451   Thumb Code    14  handlers.o(i.__scatterload_copy)
    __scatterload_null                       0x0800745f   Thumb Code     2  handlers.o(i.__scatterload_null)
    __scatterload_zeroinit                   0x08007461   Thumb Code    14  handlers.o(i.__scatterload_zeroinit)
    __set_errno                              0x08007471   Thumb Code     6  errno.o(i.__set_errno)
    asin                                     0x08007d5d   Thumb Code   572  asin.o(i.asin)
    atan                                     0x08007fcd   Thumb Code   474  atan.o(i.atan)
    atan2                                    0x080081ed   Thumb Code   346  atan2.o(i.atan2)
    sqrt                                     0x0800836d   Thumb Code    76  sqrt.o(i.sqrt)
    hw                                       0x080083b8   Data          12  inv_mpu.o(.constdata)
    reg                                      0x080083c4   Data          27  inv_mpu.o(.constdata)
    test                                     0x080083e0   Data          40  inv_mpu.o(.constdata)
    __mathlib_zero                           0x080090e8   Data           8  qnan.o(.constdata)
    Region$$Table$$Base                      0x08009140   Number         0  anon$$obj.o(Region$$Table)
    Region$$Table$$Limit                     0x08009160   Number         0  anon$$obj.o(Region$$Table)
    SystemCoreClock                          0x20000014   Data           4  system_stm32f10x.o(.data)
    AHBPrescTable                            0x20000018   Data          16  system_stm32f10x.o(.data)
    q0                                       0x20000034   Data           4  mpu6050.o(.data)
    q1                                       0x20000038   Data           4  mpu6050.o(.data)
    q2                                       0x2000003c   Data           4  mpu6050.o(.data)
    q3                                       0x20000040   Data           4  mpu6050.o(.data)
    Pitch                                    0x20000044   Data           4  mpu6050.o(.data)
    Roll                                     0x20000048   Data           4  mpu6050.o(.data)
    Yaw                                      0x2000004c   Data           4  mpu6050.o(.data)
    sensor_timestamp                         0x20000050   Data           4  mpu6050.o(.data)
    gyro                                     0x20000054   Data           6  mpu6050.o(.data)
    accel                                    0x2000005a   Data           6  mpu6050.o(.data)
    sensors                                  0x20000060   Data           2  mpu6050.o(.data)
    more                                     0x20000062   Data           1  mpu6050.o(.data)
    count                                    0x20000068   Data           4  ultrasonic.o(.data)
    enCarState                               0x2000006c   Data           1  balancecar.o(.data)
    get_newcarstate                          0x20000070   Data           4  balancecar.o(.data)
    CLB_u8MainEventCount                     0x20000074   Data           1  balancecar.o(.data)
    CLB_u8SpeedControlCount                  0x20000075   Data           1  balancecar.o(.data)
    CLB_u8SpeedControlPeriod                 0x20000076   Data           1  balancecar.o(.data)
    CLB_u8DirectionControlPeriod             0x20000077   Data           1  balancecar.o(.data)
    CLB_u8DirectionControlCount              0x20000078   Data           1  balancecar.o(.data)
    CLB_u8trig                               0x20000079   Data           1  balancecar.o(.data)
    ucBluetoothValue                         0x2000007a   Data           1  balancecar.o(.data)
    CLB_fSpeedControlOut                     0x2000007c   Data           4  balancecar.o(.data)
    CLB_fSpeedControlOutOld                  0x20000080   Data           4  balancecar.o(.data)
    CLB_fSpeedControlOutNew                  0x20000084   Data           4  balancecar.o(.data)
    CLB_fAngleControlOut                     0x20000088   Data           4  balancecar.o(.data)
    CLB_fLeftMotorOut                        0x2000008c   Data           4  balancecar.o(.data)
    CLB_fRightMotorOut                       0x20000090   Data           4  balancecar.o(.data)
    CLB_fCarAngle                            0x20000094   Data           4  balancecar.o(.data)
    CLB_fCarAngle_P                          0x20000098   Data           4  balancecar.o(.data)
    CLB_fCarAngle_D                          0x2000009c   Data           4  balancecar.o(.data)
    CLB_fCarSpeed_P                          0x200000a0   Data           4  balancecar.o(.data)
    CLB_fCarSpeed_I                          0x200000a4   Data           4  balancecar.o(.data)
    CLB_s16LeftMotorPulse                    0x200000a8   Data           2  balancecar.o(.data)
    CLB_s16RightMotorPulse                   0x200000aa   Data           2  balancecar.o(.data)
    CLB_s32LeftMotorPulseOld                 0x200000ac   Data           4  balancecar.o(.data)
    CLB_s32RightMotorPulseOld                0x200000b0   Data           4  balancecar.o(.data)
    CLB_s32LeftMotorPulseSigma               0x200000b4   Data           4  balancecar.o(.data)
    CLB_s32RightMotorPulseSigma              0x200000b8   Data           4  balancecar.o(.data)
    CLB_fCarSpeed                            0x200000bc   Data           4  balancecar.o(.data)
    CLB_fCarSpeedOld                         0x200000c0   Data           4  balancecar.o(.data)
    CLB_fCarPosition                         0x200000c4   Data           4  balancecar.o(.data)
    leftstop                                 0x200000c8   Data           4  balancecar.o(.data)
    rightstop                                0x200000cc   Data           4  balancecar.o(.data)
    stopflag                                 0x200000d0   Data           4  balancecar.o(.data)
    fultrasonic                              0x200000d4   Data           4  balancecar.o(.data)
    Distance                                 0x200000d8   Data           4  balancecar.o(.data)
    CLB_fBluetoothSpeed                      0x200000dc   Data           4  balancecar.o(.data)
    CLB_fBluetoothDirectionNew               0x200000e0   Data           4  balancecar.o(.data)
    CLB_fBluetoothDirectionSL                0x200000e4   Data           4  balancecar.o(.data)
    CLB_fBluetoothDirectionSR                0x200000e8   Data           4  balancecar.o(.data)
    Ultrasonicflag                           0x200000ec   Data           4  balancecar.o(.data)
    y1                                       0x200000f0   Data           4  balancecar.o(.data)
    z1                                       0x200000f4   Data           4  balancecar.o(.data)
    y2                                       0x200000f8   Data           4  balancecar.o(.data)
    z2                                       0x200000fc   Data           4  balancecar.o(.data)
    flagbt                                   0x20000100   Data           4  balancecar.o(.data)
    dac                                      0x20000104   Data           4  balancecar.o(.data)
    dgy                                      0x20000108   Data           4  balancecar.o(.data)
    CLB_fBluetoothDirectionL                 0x2000010c   Data           4  balancecar.o(.data)
    CLB_fBluetoothDirectionR                 0x20000110   Data           4  balancecar.o(.data)
    driectionxco                             0x20000114   Data           4  balancecar.o(.data)
    __stdout                                 0x20000144   Data           4  stdout.o(.data)
    quat                                     0x2000014c   Data          16  mpu6050.o(.bss)
    MyUsart3                                 0x2000015c   Data         102  balancecar.o(.bss)
    __initial_sp                             0x200005d8   Data           0  startup_stm32f10x_md.o(STACK)



==============================================================================

Memory Map of the image

  Image Entry point : 0x080000ed

  Load Region LR_IROM1 (Base: 0x08000000, Size: 0x000092ac, Max: 0x00010000, ABSOLUTE, COMPRESSED[0x000091a4])

    Execution Region ER_IROM1 (Exec base: 0x08000000, Load base: 0x08000000, Size: 0x00009160, Max: 0x00010000, ABSOLUTE)

    Exec Addr    Load Addr    Size         Type   Attr      Idx    E Section Name        Object

    0x08000000   0x08000000   0x000000ec   Data   RO          687    RESET               startup_stm32f10x_md.o
    0x080000ec   0x080000ec   0x00000000   Code   RO          774  * .ARM.Collect$$$$00000000  mc_w.l(entry.o)
    0x080000ec   0x080000ec   0x00000004   Code   RO         1114    .ARM.Collect$$$$00000001  mc_w.l(entry2.o)
    0x080000f0   0x080000f0   0x00000004   Code   RO         1117    .ARM.Collect$$$$00000004  mc_w.l(entry5.o)
    0x080000f4   0x080000f4   0x00000000   Code   RO         1119    .ARM.Collect$$$$00000008  mc_w.l(entry7b.o)
    0x080000f4   0x080000f4   0x00000000   Code   RO         1121    .ARM.Collect$$$$0000000A  mc_w.l(entry8b.o)
    0x080000f4   0x080000f4   0x00000008   Code   RO         1122    .ARM.Collect$$$$0000000B  mc_w.l(entry9a.o)
    0x080000fc   0x080000fc   0x00000000   Code   RO         1124    .ARM.Collect$$$$0000000D  mc_w.l(entry10a.o)
    0x080000fc   0x080000fc   0x00000000   Code   RO         1126    .ARM.Collect$$$$0000000F  mc_w.l(entry11a.o)
    0x080000fc   0x080000fc   0x00000004   Code   RO         1115    .ARM.Collect$$$$00002712  mc_w.l(entry2.o)
    0x08000100   0x08000100   0x000000dc   Code   RO            1    .text               misc.o
    0x080001dc   0x080001dc   0x0000011c   Code   RO           65    .text               stm32f10x_exti.o
    0x080002f8   0x080002f8   0x0000035c   Code   RO           80    .text               stm32f10x_gpio.o
    0x08000654   0x08000654   0x000003a4   Code   RO          104    .text               stm32f10x_rcc.o
    0x080009f8   0x080009f8   0x00000e1a   Code   RO          118    .text               stm32f10x_tim.o
    0x08001812   0x08001812   0x00000002   PAD
    0x08001814   0x08001814   0x00000408   Code   RO          130    .text               stm32f10x_usart.o
    0x08001c1c   0x08001c1c   0x000001e0   Code   RO          378    .text               system_stm32f10x.o
    0x08001dfc   0x08001dfc   0x00000034   Code   RO          406    .text               delay.o
    0x08001e30   0x08001e30   0x000003bc   Code   RO          421    .text               i2c.o
    0x080021ec   0x080021ec   0x0000006c   Code   RO          451    .text               main.o
    0x08002258   0x08002258   0x0000045c   Code   RO          502    .text               motor.o
    0x080026b4   0x080026b4   0x00000664   Code   RO          520    .text               mpu6050.o
    0x08002d18   0x08002d18   0x000000a8   Code   RO          561    .text               stm32f10x_it.o
    0x08002dc0   0x08002dc0   0x000000b0   Code   RO          584    .text               systick.o
    0x08002e70   0x08002e70   0x00000078   Code   RO          602    .text               timer.o
    0x08002ee8   0x08002ee8   0x000001e4   Code   RO          614    .text               serial.o
    0x080030cc   0x080030cc   0x0000010c   Code   RO          639    .text               ultrasonic.o
    0x080031d8   0x080031d8   0x00000958   Code   RO          654    .text               balancecar.o
    0x08003b30   0x08003b30   0x00000024   Code   RO          688    .text               startup_stm32f10x_md.o
    0x08003b54   0x08003b54   0x00001e98   Code   RO          692    .text               inv_mpu.o
    0x080059ec   0x080059ec   0x00000ec8   Code   RO          732    .text               inv_mpu_dmp_motion_driver.o
    0x080068b4   0x080068b4   0x00000062   Code   RO          777    .text               mc_w.l(ldiv.o)
    0x08006916   0x08006916   0x00000024   Code   RO          779    .text               mc_w.l(memseta.o)
    0x0800693a   0x0800693a   0x0000001c   Code   RO          781    .text               mc_w.l(strcmp.o)
    0x08006956   0x08006956   0x0000001a   Code   RO          783    .text               mc_w.l(memcmp.o)
    0x08006970   0x08006970   0x000000b0   Code   RO         1045    .text               mf_w.l(fadd.o)
    0x08006a20   0x08006a20   0x00000064   Code   RO         1047    .text               mf_w.l(fmul.o)
    0x08006a84   0x08006a84   0x0000007c   Code   RO         1049    .text               mf_w.l(fdiv.o)
    0x08006b00   0x08006b00   0x0000014e   Code   RO         1051    .text               mf_w.l(dadd.o)
    0x08006c4e   0x08006c4e   0x000000e4   Code   RO         1053    .text               mf_w.l(dmul.o)
    0x08006d32   0x08006d32   0x000000de   Code   RO         1055    .text               mf_w.l(ddiv.o)
    0x08006e10   0x08006e10   0x00000012   Code   RO         1057    .text               mf_w.l(fflti.o)
    0x08006e22   0x08006e22   0x0000000a   Code   RO         1059    .text               mf_w.l(ffltui.o)
    0x08006e2c   0x08006e2c   0x00000022   Code   RO         1061    .text               mf_w.l(dflti.o)
    0x08006e4e   0x08006e4e   0x00000032   Code   RO         1063    .text               mf_w.l(ffixi.o)
    0x08006e80   0x08006e80   0x00000028   Code   RO         1065    .text               mf_w.l(ffixui.o)
    0x08006ea8   0x08006ea8   0x00000026   Code   RO         1067    .text               mf_w.l(f2d.o)
    0x08006ece   0x08006ece   0x00000002   PAD
    0x08006ed0   0x08006ed0   0x00000030   Code   RO         1069    .text               mf_w.l(cdcmple.o)
    0x08006f00   0x08006f00   0x00000038   Code   RO         1071    .text               mf_w.l(d2f.o)
    0x08006f38   0x08006f38   0x00000014   Code   RO         1073    .text               mf_w.l(cfcmple.o)
    0x08006f4c   0x08006f4c   0x00000014   Code   RO         1075    .text               mf_w.l(cfrcmple.o)
    0x08006f60   0x08006f60   0x0000002c   Code   RO         1129    .text               mc_w.l(uidiv.o)
    0x08006f8c   0x08006f8c   0x00000062   Code   RO         1131    .text               mc_w.l(uldiv.o)
    0x08006fee   0x08006fee   0x0000001e   Code   RO         1133    .text               mc_w.l(llshl.o)
    0x0800700c   0x0800700c   0x00000024   Code   RO         1135    .text               mc_w.l(llsshr.o)
    0x08007030   0x08007030   0x00000000   Code   RO         1144    .text               mc_w.l(iusefp.o)
    0x08007030   0x08007030   0x0000006e   Code   RO         1145    .text               mf_w.l(fepilogue.o)
    0x0800709e   0x0800709e   0x000000ba   Code   RO         1147    .text               mf_w.l(depilogue.o)
    0x08007158   0x08007158   0x0000002e   Code   RO         1149    .text               mf_w.l(dscalb.o)
    0x08007186   0x08007186   0x00000030   Code   RO         1151    .text               mf_w.l(dfixul.o)
    0x080071b6   0x080071b6   0x00000002   PAD
    0x080071b8   0x080071b8   0x00000030   Code   RO         1153    .text               mf_w.l(cdrcmple.o)
    0x080071e8   0x080071e8   0x00000024   Code   RO         1155    .text               mc_w.l(init.o)
    0x0800720c   0x0800720c   0x00000020   Code   RO         1157    .text               mc_w.l(llushr.o)
    0x0800722c   0x0800722c   0x000000a2   Code   RO         1159    .text               mf_w.l(dsqrt.o)
    0x080072ce   0x080072ce   0x00000056   Code   RO         1169    .text               mc_w.l(__dczerorl2.o)
    0x08007324   0x08007324   0x00000010   Code   RO          786    i.__0printf$bare    mc_w.l(printfb.o)
    0x08007334   0x08007334   0x00000024   Code   RO         1024    i.__0vsprintf       mc_w.l(printfa.o)
    0x08007358   0x08007358   0x00000028   Code   RO         1101    i.__ARM_fpclassify  m_ws.l(fpclassify.o)
    0x08007380   0x08007380   0x000000aa   Code   RO         1103    i.__kernel_poly     m_ws.l(poly.o)
    0x0800742a   0x0800742a   0x00000006   Code   RO         1088    i.__mathlib_dbl_infnan  m_ws.l(dunder.o)
    0x08007430   0x08007430   0x00000004   Code   RO         1089    i.__mathlib_dbl_infnan2  m_ws.l(dunder.o)
    0x08007434   0x08007434   0x0000000c   Code   RO         1090    i.__mathlib_dbl_invalid  m_ws.l(dunder.o)
    0x08007440   0x08007440   0x00000010   Code   RO         1093    i.__mathlib_dbl_underflow  m_ws.l(dunder.o)
    0x08007450   0x08007450   0x0000000e   Code   RO         1163    i.__scatterload_copy  mc_w.l(handlers.o)
    0x0800745e   0x0800745e   0x00000002   Code   RO         1164    i.__scatterload_null  mc_w.l(handlers.o)
    0x08007460   0x08007460   0x0000000e   Code   RO         1165    i.__scatterload_zeroinit  mc_w.l(handlers.o)
    0x0800746e   0x0800746e   0x00000002   PAD
    0x08007470   0x08007470   0x0000000c   Code   RO         1139    i.__set_errno       mc_w.l(errno.o)
    0x0800747c   0x0800747c   0x00000184   Code   RO         1025    i._fp_digits        mc_w.l(printfa.o)
    0x08007600   0x08007600   0x00000022   Code   RO          793    i._printf_core      mc_w.l(printfb.o)
    0x08007622   0x08007622   0x00000002   PAD
    0x08007624   0x08007624   0x000006dc   Code   RO         1026    i._printf_core      mc_w.l(printfa.o)
    0x08007d00   0x08007d00   0x00000024   Code   RO         1027    i._printf_post_padding  mc_w.l(printfa.o)
    0x08007d24   0x08007d24   0x0000002e   Code   RO         1028    i._printf_pre_padding  mc_w.l(printfa.o)
    0x08007d52   0x08007d52   0x0000000a   Code   RO         1030    i._sputc            mc_w.l(printfa.o)
    0x08007d5c   0x08007d5c   0x00000270   Code   RO          757    i.asin              m_ws.l(asin.o)
    0x08007fcc   0x08007fcc   0x00000220   Code   RO         1078    i.atan              m_ws.l(atan.o)
    0x080081ec   0x080081ec   0x00000180   Code   RO          767    i.atan2             m_ws.l(atan2.o)
    0x0800836c   0x0800836c   0x0000004c   Code   RO         1107    i.sqrt              m_ws.l(sqrt.o)
    0x080083b8   0x080083b8   0x00000050   Data   RO          693    .constdata          inv_mpu.o
    0x08008408   0x08008408   0x00000bf6   Data   RO          734    .constdata          inv_mpu_dmp_motion_driver.o
    0x08008ffe   0x08008ffe   0x00000002   PAD
    0x08009000   0x08009000   0x00000050   Data   RO          758    .constdata          m_ws.l(asin.o)
    0x08009050   0x08009050   0x00000098   Data   RO         1079    .constdata          m_ws.l(atan.o)
    0x080090e8   0x080090e8   0x00000008   Data   RO         1105    .constdata          m_ws.l(qnan.o)
    0x080090f0   0x080090f0   0x0000004e   Data   RO          694    .conststring        inv_mpu.o
    0x0800913e   0x0800913e   0x00000002   PAD
    0x08009140   0x08009140   0x00000020   Data   RO         1161    Region$$Table       anon$$obj.o


    Execution Region RW_IRAM1 (Exec base: 0x20000000, Load base: 0x08009160, Size: 0x000005d8, Max: 0x00005000, ABSOLUTE, COMPRESSED[0x00000044])

    Exec Addr    Load Addr    Size         Type   Attr      Idx    E Section Name        Object

    0x20000000   COMPRESSED   0x00000014   Data   RW          105    .data               stm32f10x_rcc.o
    0x20000014   COMPRESSED   0x00000014   Data   RW          379    .data               system_stm32f10x.o
    0x20000028   COMPRESSED   0x0000003b   Data   RW          522    .data               mpu6050.o
    0x20000063   COMPRESSED   0x00000001   PAD
    0x20000064   COMPRESSED   0x00000004   Data   RW          585    .data               systick.o
    0x20000068   COMPRESSED   0x00000004   Data   RW          640    .data               ultrasonic.o
    0x2000006c   COMPRESSED   0x000000ac   Data   RW          656    .data               balancecar.o
    0x20000118   COMPRESSED   0x0000002c   Data   RW          695    .data               inv_mpu.o
    0x20000144   COMPRESSED   0x00000004   Data   RW         1128    .data               mc_w.l(stdout.o)
    0x20000148   COMPRESSED   0x00000004   Data   RW         1140    .data               mc_w.l(errno.o)
    0x2000014c        -       0x00000010   Zero   RW          521    .bss                mpu6050.o
    0x2000015c        -       0x00000066   Zero   RW          655    .bss                balancecar.o
    0x200001c2   COMPRESSED   0x00000002   PAD
    0x200001c4        -       0x00000010   Zero   RW          733    .bss                inv_mpu_dmp_motion_driver.o
    0x200001d4   COMPRESSED   0x00000004   PAD
    0x200001d8        -       0x00000400   Zero   RW          685    STACK               startup_stm32f10x_md.o


==============================================================================

Image component sizes


      Code (inc. data)   RO Data    RW Data    ZI Data      Debug   Object Name

      2392        476          0        172        102       6921   balancecar.o
         0          0          0          0          0         32   core_cm3.o
        52          0          0          0          0        839   delay.o
       956          6          0          0          0       4450   i2c.o
      7832        172        158         44          0      21582   inv_mpu.o
      3784        196       3062          0         16      16306   inv_mpu_dmp_motion_driver.o
       108          4          0          0          0        523   main.o
       220         22          0          0          0     253185   misc.o
      1116         22          0          0          0       3209   motor.o
      1636        802          0         59         16       2209   mpu6050.o
       484         16          0          0          0       4101   serial.o
        36          8        236          0       1024        808   startup_stm32f10x_md.o
       284         10          0          0          0       4411   stm32f10x_exti.o
       860         38          0          0          0       5713   stm32f10x_gpio.o
       168         24          0          0          0       1370   stm32f10x_it.o
       932         36          0         20          0       8896   stm32f10x_rcc.o
      3610         88          0          0          0      22820   stm32f10x_tim.o
      1032         22          0          0          0       8436   stm32f10x_usart.o
       480         38          0         20          0       1835   system_stm32f10x.o
       176         16          0          4          0      16617   systick.o
       120          6          0          0          0        781   timer.o
       268         16          0          4          0       1211   ultrasonic.o

    ----------------------------------------------------------------------
     26548       2018       3492        324       1164     386255   Object Totals
         0          0         32          0          0          0   (incl. Generated)
         2          0          4          1          6          0   (incl. Padding)

    ----------------------------------------------------------------------

      Code (inc. data)   RO Data    RW Data    ZI Data      Debug   Library Member Name

       624         52         80          0          0        168   asin.o
       544         70        152          0          0        124   atan.o
       384         38          0          0          0        144   atan2.o
        38          6          0          0          0        272   dunder.o
        40          0          0          0          0         68   fpclassify.o
       170          0          0          0          0         96   poly.o
         0          0          8          0          0          0   qnan.o
        76          0          0          0          0         84   sqrt.o
        86          0          0          0          0          0   __dczerorl2.o
         0          0          0          0          0          0   entry.o
         0          0          0          0          0          0   entry10a.o
         0          0          0          0          0          0   entry11a.o
         8          4          0          0          0          0   entry2.o
         4          0          0          0          0          0   entry5.o
         0          0          0          0          0          0   entry7b.o
         0          0          0          0          0          0   entry8b.o
         8          4          0          0          0          0   entry9a.o
        12          6          0          4          0         68   errno.o
        30          0          0          0          0          0   handlers.o
        36          8          0          0          0         68   init.o
         0          0          0          0          0          0   iusefp.o
        98          0          0          0          0         84   ldiv.o
        30          0          0          0          0         68   llshl.o
        36          0          0          0          0         68   llsshr.o
        32          0          0          0          0         68   llushr.o
        26          0          0          0          0         80   memcmp.o
        36          0          0          0          0        108   memseta.o
      2272         86          0          0          0        516   printfa.o
        50          8          0          0          0        152   printfb.o
         0          0          0          4          0          0   stdout.o
        28          0          0          0          0         76   strcmp.o
        44          0          0          0          0         80   uidiv.o
        98          0          0          0          0         92   uldiv.o
        48          0          0          0          0         68   cdcmple.o
        48          0          0          0          0         68   cdrcmple.o
        20          0          0          0          0         68   cfcmple.o
        20          0          0          0          0         68   cfrcmple.o
        56          0          0          0          0         88   d2f.o
       334          0          0          0          0        148   dadd.o
       222          0          0          0          0        100   ddiv.o
       186          0          0          0          0        176   depilogue.o
        48          0          0          0          0         68   dfixul.o
        34          0          0          0          0         76   dflti.o
       228          0          0          0          0         96   dmul.o
        46          0          0          0          0         80   dscalb.o
       162          0          0          0          0        100   dsqrt.o
        38          0          0          0          0         68   f2d.o
       176          0          0          0          0        140   fadd.o
       124          0          0          0          0         88   fdiv.o
       110          0          0          0          0        168   fepilogue.o
        50          0          0          0          0         68   ffixi.o
        40          0          0          0          0         68   ffixui.o
        18          0          0          0          0         68   fflti.o
        10          0          0          0          0         68   ffltui.o
       100          0          0          0          0         76   fmul.o

    ----------------------------------------------------------------------
      6936        282        240          8          0       4500   Library Totals
         8          0          0          0          0          0   (incl. Padding)

    ----------------------------------------------------------------------

      Code (inc. data)   RO Data    RW Data    ZI Data      Debug   Library Name

      1876        166        240          0          0        956   m_ws.l
      2934        116          0          8          0       1528   mc_w.l
      2118          0          0          0          0       2016   mf_w.l

    ----------------------------------------------------------------------
      6936        282        240          8          0       4500   Library Totals

    ----------------------------------------------------------------------

==============================================================================


      Code (inc. data)   RO Data    RW Data    ZI Data      Debug   

     33484       2300       3732        332       1164     386567   Grand Totals
     33484       2300       3732         68       1164     386567   ELF Image Totals (compressed)
     33484       2300       3732         68          0          0   ROM Totals

==============================================================================

    Total RO  Size (Code + RO Data)                37216 (  36.34kB)
    Total RW  Size (RW Data + ZI Data)              1496 (   1.46kB)
    Total ROM Size (Code + RO Data + RW Data)      37284 (  36.41kB)

==============================================================================

